-- The C compiler identification is GNU 11.4.0
-- The CXX compiler identification is GNU 11.4.0
-- Detecting C compiler ABI info
-- Detecting C compiler ABI info - done
-- Check for working C compiler: /usr/bin/cc - skipped
-- Detecting C compile features
-- Detecting C compile features - done
-- Detecting CXX compiler ABI info
-- Detecting CXX compiler ABI info - done
-- Check for working CXX compiler: /usr/bin/c++ - skipped
-- Detecting CXX compile features
-- Detecting CXX compile features - done
-- Found ament_cmake: 1.3.14 (/opt/ros/humble/share/ament_cmake/cmake)
-- Found Python3: /usr/bin/python3 (found version "3.10.12") found components: Interpreter 
-- Found rclcpp: 16.0.19 (/opt/ros/humble/share/rclcpp/cmake)
-- Found rosidl_generator_c: 3.1.8 (/opt/ros/humble/share/rosidl_generator_c/cmake)
-- Found rosidl_adapter: 3.1.8 (/opt/ros/humble/share/rosidl_adapter/cmake)
-- Found rosidl_generator_cpp: 3.1.8 (/opt/ros/humble/share/rosidl_generator_cpp/cmake)
-- Using all available rosidl_typesupport_c: rosidl_typesupport_fastrtps_c;rosidl_typesupport_introspection_c
-- Using all available rosidl_typesupport_cpp: rosidl_typesupport_fastrtps_cpp;rosidl_typesupport_introspection_cpp
-- Found rmw_implementation_cmake: 6.1.2 (/opt/ros/humble/share/rmw_implementation_cmake/cmake)
-- Found rmw_fastrtps_cpp: 6.2.10 (/opt/ros/humble/share/rmw_fastrtps_cpp/cmake)
-- Found OpenSSL: /usr/lib/aarch64-linux-gnu/libcrypto.so (found version "3.0.2")  
-- Found FastRTPS: /opt/ros/humble/include  
-- Using RMW implementation 'rmw_fastrtps_cpp' as default
-- Looking for pthread.h
-- Looking for pthread.h - found
-- Performing Test CMAKE_HAVE_LIBC_PTHREAD
-- Performing Test CMAKE_HAVE_LIBC_PTHREAD - Success
-- Found Threads: TRUE  
-- Found px4_msgs: 2.0.1 (/home/spacey/ws_sensor_combined/install/px4_msgs/share/px4_msgs/cmake)
-- Found geometry_msgs: 4.9.1 (/opt/ros/humble/share/geometry_msgs/cmake)
-- Configuring done
-- Generating done
-- Build files have been written to: /home/spacey/space_y/ws_KRAC/build/multirotor
[ 16%] [32mBuilding CXX object CMakeFiles/land_test.dir/src/land_test.cpp.o[0m
[ 33%] [32mBuilding CXX object CMakeFiles/flight_test.dir/src/flight_test.cpp.o[0m
[ 50%] [32mBuilding CXX object CMakeFiles/flight.dir/src/flight.cpp.o[0m
[ 66%] [32m[1mLinking CXX executable flight_test[0m
[ 66%] Built target flight_test
[ 83%] [32m[1mLinking CXX executable land_test[0m
[100%] [32m[1mLinking CXX executable flight[0m
[100%] Built target land_test
[100%] Built target flight
-- Install configuration: ""
-- Installing: /home/spacey/space_y/ws_KRAC/install/multirotor/lib/multirotor/flight
-- Set runtime path of "/home/spacey/space_y/ws_KRAC/install/multirotor/lib/multirotor/flight" to ""
-- Installing: /home/spacey/space_y/ws_KRAC/install/multirotor/lib/multirotor/flight_test
-- Set runtime path of "/home/spacey/space_y/ws_KRAC/install/multirotor/lib/multirotor/flight_test" to ""
-- Installing: /home/spacey/space_y/ws_KRAC/install/multirotor/lib/multirotor/land_test
-- Set runtime path of "/home/spacey/space_y/ws_KRAC/install/multirotor/lib/multirotor/land_test" to ""
-- Installing: /home/spacey/space_y/ws_KRAC/install/multirotor/share/ament_index/resource_index/package_run_dependencies/multirotor
-- Installing: /home/spacey/space_y/ws_KRAC/install/multirotor/share/ament_index/resource_index/parent_prefix_path/multirotor
-- Installing: /home/spacey/space_y/ws_KRAC/install/multirotor/share/multirotor/environment/ament_prefix_path.sh
-- Installing: /home/spacey/space_y/ws_KRAC/install/multirotor/share/multirotor/environment/ament_prefix_path.dsv
-- Installing: /home/spacey/space_y/ws_KRAC/install/multirotor/share/multirotor/environment/path.sh
-- Installing: /home/spacey/space_y/ws_KRAC/install/multirotor/share/multirotor/environment/path.dsv
-- Installing: /home/spacey/space_y/ws_KRAC/install/multirotor/share/multirotor/local_setup.bash
-- Installing: /home/spacey/space_y/ws_KRAC/install/multirotor/share/multirotor/local_setup.sh
-- Installing: /home/spacey/space_y/ws_KRAC/install/multirotor/share/multirotor/local_setup.zsh
-- Installing: /home/spacey/space_y/ws_KRAC/install/multirotor/share/multirotor/local_setup.dsv
-- Installing: /home/spacey/space_y/ws_KRAC/install/multirotor/share/multirotor/package.dsv
-- Installing: /home/spacey/space_y/ws_KRAC/install/multirotor/share/ament_index/resource_index/packages/multirotor
-- Installing: /home/spacey/space_y/ws_KRAC/install/multirotor/share/multirotor/cmake/multirotorConfig.cmake
-- Installing: /home/spacey/space_y/ws_KRAC/install/multirotor/share/multirotor/cmake/multirotorConfig-version.cmake
-- Installing: /home/spacey/space_y/ws_KRAC/install/multirotor/share/multirotor/package.xml
