[0.343s] DEBUG:colcon:Command line arguments: ['/usr/bin/colcon', 'build']
[0.343s] DEBUG:colcon:Parsed command line arguments: Namespace(log_base=None, log_level=None, verb_name='build', build_base='build', install_base='install', merge_install=False, symlink_install=False, test_result_base=None, continue_on_error=False, executor='parallel', parallel_workers=6, event_handlers=None, ignore_user_meta=False, metas=['./colcon.meta'], base_paths=['.'], packages_ignore=None, packages_ignore_regex=None, paths=None, packages_up_to=None, packages_up_to_regex=None, packages_above=None, packages_above_and_dependencies=None, packages_above_depth=None, packages_select_by_dep=None, packages_skip_by_dep=None, packages_skip_up_to=None, packages_select_build_failed=False, packages_skip_build_finished=False, packages_select_test_failures=False, packages_skip_test_passed=False, packages_select=None, packages_skip=None, packages_select_regex=None, packages_skip_regex=None, packages_start=None, packages_end=None, allow_overriding=[], cmake_args=None, cmake_target=None, cmake_target_skip_unavailable=False, cmake_clean_cache=False, cmake_clean_first=False, cmake_force_configure=False, ament_cmake_args=None, catkin_cmake_args=None, catkin_skip_building_tests=False, verb_parser=<colcon_defaults.argument_parser.defaults.DefaultArgumentsDecorator object at 0xffff910074f0>, verb_extension=<colcon_core.verb.build.BuildVerb object at 0xffff91006fe0>, main=<bound method BuildVerb.main of <colcon_core.verb.build.BuildVerb object at 0xffff91006fe0>>)
[0.761s] Level 1:colcon.colcon_core.package_discovery:discover_packages(colcon_meta) check parameters
[0.761s] Level 1:colcon.colcon_core.package_discovery:discover_packages(recursive) check parameters
[0.761s] Level 1:colcon.colcon_core.package_discovery:discover_packages(ignore) check parameters
[0.761s] Level 1:colcon.colcon_core.package_discovery:discover_packages(path) check parameters
[0.761s] Level 1:colcon.colcon_core.package_discovery:discover_packages(colcon_meta) discover
[0.761s] Level 1:colcon.colcon_core.package_discovery:discover_packages(recursive) discover
[0.762s] INFO:colcon.colcon_core.package_discovery:Crawling recursively for packages in '/home/spacey/space_y/ws_KRAC'
[0.762s] Level 1:colcon.colcon_core.package_identification:_identify(.) by extensions ['ignore', 'ignore_ament_install']
[0.762s] Level 1:colcon.colcon_core.package_identification:_identify(.) by extension 'ignore'
[0.762s] Level 1:colcon.colcon_core.package_identification:_identify(.) by extension 'ignore_ament_install'
[0.762s] Level 1:colcon.colcon_core.package_identification:_identify(.) by extensions ['colcon_pkg']
[0.762s] Level 1:colcon.colcon_core.package_identification:_identify(.) by extension 'colcon_pkg'
[0.763s] Level 1:colcon.colcon_core.package_identification:_identify(.) by extensions ['colcon_meta']
[0.763s] Level 1:colcon.colcon_core.package_identification:_identify(.) by extension 'colcon_meta'
[0.763s] Level 1:colcon.colcon_core.package_identification:_identify(.) by extensions ['ros']
[0.763s] Level 1:colcon.colcon_core.package_identification:_identify(.) by extension 'ros'
[0.789s] Level 1:colcon.colcon_core.package_identification:_identify(.) by extensions ['cmake', 'python']
[0.789s] Level 1:colcon.colcon_core.package_identification:_identify(.) by extension 'cmake'
[0.789s] Level 1:colcon.colcon_core.package_identification:_identify(.) by extension 'python'
[0.790s] Level 1:colcon.colcon_core.package_identification:_identify(.) by extensions ['python_setup_py']
[0.790s] Level 1:colcon.colcon_core.package_identification:_identify(.) by extension 'python_setup_py'
[0.790s] Level 1:colcon.colcon_core.package_identification:_identify(build) by extensions ['ignore', 'ignore_ament_install']
[0.790s] Level 1:colcon.colcon_core.package_identification:_identify(build) by extension 'ignore'
[0.790s] Level 1:colcon.colcon_core.package_identification:_identify(build) ignored
[0.791s] Level 1:colcon.colcon_core.package_identification:_identify(install) by extensions ['ignore', 'ignore_ament_install']
[0.791s] Level 1:colcon.colcon_core.package_identification:_identify(install) by extension 'ignore'
[0.791s] Level 1:colcon.colcon_core.package_identification:_identify(install) ignored
[0.791s] Level 1:colcon.colcon_core.package_identification:_identify(log) by extensions ['ignore', 'ignore_ament_install']
[0.791s] Level 1:colcon.colcon_core.package_identification:_identify(log) by extension 'ignore'
[0.791s] Level 1:colcon.colcon_core.package_identification:_identify(log) ignored
[0.792s] Level 1:colcon.colcon_core.package_identification:_identify(src) by extensions ['ignore', 'ignore_ament_install']
[0.792s] Level 1:colcon.colcon_core.package_identification:_identify(src) by extension 'ignore'
[0.792s] Level 1:colcon.colcon_core.package_identification:_identify(src) by extension 'ignore_ament_install'
[0.792s] Level 1:colcon.colcon_core.package_identification:_identify(src) by extensions ['colcon_pkg']
[0.792s] Level 1:colcon.colcon_core.package_identification:_identify(src) by extension 'colcon_pkg'
[0.792s] Level 1:colcon.colcon_core.package_identification:_identify(src) by extensions ['colcon_meta']
[0.792s] Level 1:colcon.colcon_core.package_identification:_identify(src) by extension 'colcon_meta'
[0.792s] Level 1:colcon.colcon_core.package_identification:_identify(src) by extensions ['ros']
[0.792s] Level 1:colcon.colcon_core.package_identification:_identify(src) by extension 'ros'
[0.793s] Level 1:colcon.colcon_core.package_identification:_identify(src) by extensions ['cmake', 'python']
[0.793s] Level 1:colcon.colcon_core.package_identification:_identify(src) by extension 'cmake'
[0.793s] Level 1:colcon.colcon_core.package_identification:_identify(src) by extension 'python'
[0.793s] Level 1:colcon.colcon_core.package_identification:_identify(src) by extensions ['python_setup_py']
[0.793s] Level 1:colcon.colcon_core.package_identification:_identify(src) by extension 'python_setup_py'
[0.793s] Level 1:colcon.colcon_core.package_identification:_identify(src/imagery_processing) by extensions ['ignore', 'ignore_ament_install']
[0.793s] Level 1:colcon.colcon_core.package_identification:_identify(src/imagery_processing) by extension 'ignore'
[0.793s] Level 1:colcon.colcon_core.package_identification:_identify(src/imagery_processing) by extension 'ignore_ament_install'
[0.794s] Level 1:colcon.colcon_core.package_identification:_identify(src/imagery_processing) by extensions ['colcon_pkg']
[0.794s] Level 1:colcon.colcon_core.package_identification:_identify(src/imagery_processing) by extension 'colcon_pkg'
[0.794s] Level 1:colcon.colcon_core.package_identification:_identify(src/imagery_processing) by extensions ['colcon_meta']
[0.794s] Level 1:colcon.colcon_core.package_identification:_identify(src/imagery_processing) by extension 'colcon_meta'
[0.794s] Level 1:colcon.colcon_core.package_identification:_identify(src/imagery_processing) by extensions ['ros']
[0.794s] Level 1:colcon.colcon_core.package_identification:_identify(src/imagery_processing) by extension 'ros'
[0.800s] DEBUG:colcon.colcon_core.package_identification:Package 'src/imagery_processing' with type 'ros.ament_python' and name 'imagery_processing'
[0.800s] Level 1:colcon.colcon_core.package_identification:_identify(src/launch_package) by extensions ['ignore', 'ignore_ament_install']
[0.801s] Level 1:colcon.colcon_core.package_identification:_identify(src/launch_package) by extension 'ignore'
[0.801s] Level 1:colcon.colcon_core.package_identification:_identify(src/launch_package) by extension 'ignore_ament_install'
[0.801s] Level 1:colcon.colcon_core.package_identification:_identify(src/launch_package) by extensions ['colcon_pkg']
[0.801s] Level 1:colcon.colcon_core.package_identification:_identify(src/launch_package) by extension 'colcon_pkg'
[0.801s] Level 1:colcon.colcon_core.package_identification:_identify(src/launch_package) by extensions ['colcon_meta']
[0.801s] Level 1:colcon.colcon_core.package_identification:_identify(src/launch_package) by extension 'colcon_meta'
[0.801s] Level 1:colcon.colcon_core.package_identification:_identify(src/launch_package) by extensions ['ros']
[0.801s] Level 1:colcon.colcon_core.package_identification:_identify(src/launch_package) by extension 'ros'
[0.803s] DEBUG:colcon.colcon_core.package_identification:Package 'src/launch_package' with type 'ros.ament_python' and name 'launch_package'
[0.803s] Level 1:colcon.colcon_core.package_identification:_identify(src/multirotor) by extensions ['ignore', 'ignore_ament_install']
[0.803s] Level 1:colcon.colcon_core.package_identification:_identify(src/multirotor) by extension 'ignore'
[0.803s] Level 1:colcon.colcon_core.package_identification:_identify(src/multirotor) by extension 'ignore_ament_install'
[0.804s] Level 1:colcon.colcon_core.package_identification:_identify(src/multirotor) by extensions ['colcon_pkg']
[0.804s] Level 1:colcon.colcon_core.package_identification:_identify(src/multirotor) by extension 'colcon_pkg'
[0.804s] Level 1:colcon.colcon_core.package_identification:_identify(src/multirotor) by extensions ['colcon_meta']
[0.804s] Level 1:colcon.colcon_core.package_identification:_identify(src/multirotor) by extension 'colcon_meta'
[0.804s] Level 1:colcon.colcon_core.package_identification:_identify(src/multirotor) by extensions ['ros']
[0.804s] Level 1:colcon.colcon_core.package_identification:_identify(src/multirotor) by extension 'ros'
[0.805s] DEBUG:colcon.colcon_core.package_identification:Package 'src/multirotor' with type 'ros.ament_cmake' and name 'multirotor'
[0.806s] Level 1:colcon.colcon_core.package_identification:_identify(src/streaming_test) by extensions ['ignore', 'ignore_ament_install']
[0.806s] Level 1:colcon.colcon_core.package_identification:_identify(src/streaming_test) by extension 'ignore'
[0.806s] Level 1:colcon.colcon_core.package_identification:_identify(src/streaming_test) by extension 'ignore_ament_install'
[0.806s] Level 1:colcon.colcon_core.package_identification:_identify(src/streaming_test) by extensions ['colcon_pkg']
[0.806s] Level 1:colcon.colcon_core.package_identification:_identify(src/streaming_test) by extension 'colcon_pkg'
[0.806s] Level 1:colcon.colcon_core.package_identification:_identify(src/streaming_test) by extensions ['colcon_meta']
[0.806s] Level 1:colcon.colcon_core.package_identification:_identify(src/streaming_test) by extension 'colcon_meta'
[0.806s] Level 1:colcon.colcon_core.package_identification:_identify(src/streaming_test) by extensions ['ros']
[0.807s] Level 1:colcon.colcon_core.package_identification:_identify(src/streaming_test) by extension 'ros'
[0.808s] DEBUG:colcon.colcon_core.package_identification:Package 'src/streaming_test' with type 'ros.ament_python' and name 'streaming_test'
[0.808s] Level 1:colcon.colcon_core.package_discovery:discover_packages(recursive) using defaults
[0.808s] Level 1:colcon.colcon_core.package_discovery:discover_packages(ignore) discover
[0.808s] Level 1:colcon.colcon_core.package_discovery:discover_packages(ignore) using defaults
[0.808s] Level 1:colcon.colcon_core.package_discovery:discover_packages(path) discover
[0.808s] Level 1:colcon.colcon_core.package_discovery:discover_packages(path) using defaults
[0.858s] Level 1:colcon.colcon_core.package_discovery:discover_packages(prefix_path) check parameters
[0.858s] Level 1:colcon.colcon_core.package_discovery:discover_packages(prefix_path) discover
[0.863s] DEBUG:colcon.colcon_installed_package_information.package_discovery:Found 2 installed packages in /home/spacey/ws_sensor_combined/install
[0.866s] DEBUG:colcon.colcon_installed_package_information.package_discovery:Found 276 installed packages in /opt/ros/humble
[0.900s] Level 1:colcon.colcon_core.package_discovery:discover_packages(prefix_path) using defaults
[0.981s] Level 5:colcon.colcon_core.verb:set package 'imagery_processing' build argument 'cmake_args' from command line to 'None'
[0.981s] Level 5:colcon.colcon_core.verb:set package 'imagery_processing' build argument 'cmake_target' from command line to 'None'
[0.982s] Level 5:colcon.colcon_core.verb:set package 'imagery_processing' build argument 'cmake_target_skip_unavailable' from command line to 'False'
[0.982s] Level 5:colcon.colcon_core.verb:set package 'imagery_processing' build argument 'cmake_clean_cache' from command line to 'False'
[0.982s] Level 5:colcon.colcon_core.verb:set package 'imagery_processing' build argument 'cmake_clean_first' from command line to 'False'
[0.982s] Level 5:colcon.colcon_core.verb:set package 'imagery_processing' build argument 'cmake_force_configure' from command line to 'False'
[0.982s] Level 5:colcon.colcon_core.verb:set package 'imagery_processing' build argument 'ament_cmake_args' from command line to 'None'
[0.982s] Level 5:colcon.colcon_core.verb:set package 'imagery_processing' build argument 'catkin_cmake_args' from command line to 'None'
[0.982s] Level 5:colcon.colcon_core.verb:set package 'imagery_processing' build argument 'catkin_skip_building_tests' from command line to 'False'
[0.982s] DEBUG:colcon.colcon_core.verb:Building package 'imagery_processing' with the following arguments: {'ament_cmake_args': None, 'build_base': '/home/spacey/space_y/ws_KRAC/build/imagery_processing', 'catkin_cmake_args': None, 'catkin_skip_building_tests': False, 'cmake_args': None, 'cmake_clean_cache': False, 'cmake_clean_first': False, 'cmake_force_configure': False, 'cmake_target': None, 'cmake_target_skip_unavailable': False, 'install_base': '/home/spacey/space_y/ws_KRAC/install/imagery_processing', 'merge_install': False, 'path': '/home/spacey/space_y/ws_KRAC/src/imagery_processing', 'symlink_install': False, 'test_result_base': None}
[0.983s] Level 5:colcon.colcon_core.verb:set package 'multirotor' build argument 'cmake_args' from command line to 'None'
[0.983s] Level 5:colcon.colcon_core.verb:set package 'multirotor' build argument 'cmake_target' from command line to 'None'
[0.983s] Level 5:colcon.colcon_core.verb:set package 'multirotor' build argument 'cmake_target_skip_unavailable' from command line to 'False'
[0.983s] Level 5:colcon.colcon_core.verb:set package 'multirotor' build argument 'cmake_clean_cache' from command line to 'False'
[0.983s] Level 5:colcon.colcon_core.verb:set package 'multirotor' build argument 'cmake_clean_first' from command line to 'False'
[0.983s] Level 5:colcon.colcon_core.verb:set package 'multirotor' build argument 'cmake_force_configure' from command line to 'False'
[0.983s] Level 5:colcon.colcon_core.verb:set package 'multirotor' build argument 'ament_cmake_args' from command line to 'None'
[0.983s] Level 5:colcon.colcon_core.verb:set package 'multirotor' build argument 'catkin_cmake_args' from command line to 'None'
[0.983s] Level 5:colcon.colcon_core.verb:set package 'multirotor' build argument 'catkin_skip_building_tests' from command line to 'False'
[0.983s] DEBUG:colcon.colcon_core.verb:Building package 'multirotor' with the following arguments: {'ament_cmake_args': None, 'build_base': '/home/spacey/space_y/ws_KRAC/build/multirotor', 'catkin_cmake_args': None, 'catkin_skip_building_tests': False, 'cmake_args': None, 'cmake_clean_cache': False, 'cmake_clean_first': False, 'cmake_force_configure': False, 'cmake_target': None, 'cmake_target_skip_unavailable': False, 'install_base': '/home/spacey/space_y/ws_KRAC/install/multirotor', 'merge_install': False, 'path': '/home/spacey/space_y/ws_KRAC/src/multirotor', 'symlink_install': False, 'test_result_base': None}
[0.984s] Level 5:colcon.colcon_core.verb:set package 'streaming_test' build argument 'cmake_args' from command line to 'None'
[0.984s] Level 5:colcon.colcon_core.verb:set package 'streaming_test' build argument 'cmake_target' from command line to 'None'
[0.984s] Level 5:colcon.colcon_core.verb:set package 'streaming_test' build argument 'cmake_target_skip_unavailable' from command line to 'False'
[0.984s] Level 5:colcon.colcon_core.verb:set package 'streaming_test' build argument 'cmake_clean_cache' from command line to 'False'
[0.984s] Level 5:colcon.colcon_core.verb:set package 'streaming_test' build argument 'cmake_clean_first' from command line to 'False'
[0.984s] Level 5:colcon.colcon_core.verb:set package 'streaming_test' build argument 'cmake_force_configure' from command line to 'False'
[0.984s] Level 5:colcon.colcon_core.verb:set package 'streaming_test' build argument 'ament_cmake_args' from command line to 'None'
[0.984s] Level 5:colcon.colcon_core.verb:set package 'streaming_test' build argument 'catkin_cmake_args' from command line to 'None'
[0.984s] Level 5:colcon.colcon_core.verb:set package 'streaming_test' build argument 'catkin_skip_building_tests' from command line to 'False'
[0.984s] DEBUG:colcon.colcon_core.verb:Building package 'streaming_test' with the following arguments: {'ament_cmake_args': None, 'build_base': '/home/spacey/space_y/ws_KRAC/build/streaming_test', 'catkin_cmake_args': None, 'catkin_skip_building_tests': False, 'cmake_args': None, 'cmake_clean_cache': False, 'cmake_clean_first': False, 'cmake_force_configure': False, 'cmake_target': None, 'cmake_target_skip_unavailable': False, 'install_base': '/home/spacey/space_y/ws_KRAC/install/streaming_test', 'merge_install': False, 'path': '/home/spacey/space_y/ws_KRAC/src/streaming_test', 'symlink_install': False, 'test_result_base': None}
[0.985s] Level 5:colcon.colcon_core.verb:set package 'launch_package' build argument 'cmake_args' from command line to 'None'
[0.985s] Level 5:colcon.colcon_core.verb:set package 'launch_package' build argument 'cmake_target' from command line to 'None'
[0.985s] Level 5:colcon.colcon_core.verb:set package 'launch_package' build argument 'cmake_target_skip_unavailable' from command line to 'False'
[0.985s] Level 5:colcon.colcon_core.verb:set package 'launch_package' build argument 'cmake_clean_cache' from command line to 'False'
[0.985s] Level 5:colcon.colcon_core.verb:set package 'launch_package' build argument 'cmake_clean_first' from command line to 'False'
[0.985s] Level 5:colcon.colcon_core.verb:set package 'launch_package' build argument 'cmake_force_configure' from command line to 'False'
[0.985s] Level 5:colcon.colcon_core.verb:set package 'launch_package' build argument 'ament_cmake_args' from command line to 'None'
[0.985s] Level 5:colcon.colcon_core.verb:set package 'launch_package' build argument 'catkin_cmake_args' from command line to 'None'
[0.985s] Level 5:colcon.colcon_core.verb:set package 'launch_package' build argument 'catkin_skip_building_tests' from command line to 'False'
[0.985s] DEBUG:colcon.colcon_core.verb:Building package 'launch_package' with the following arguments: {'ament_cmake_args': None, 'build_base': '/home/spacey/space_y/ws_KRAC/build/launch_package', 'catkin_cmake_args': None, 'catkin_skip_building_tests': False, 'cmake_args': None, 'cmake_clean_cache': False, 'cmake_clean_first': False, 'cmake_force_configure': False, 'cmake_target': None, 'cmake_target_skip_unavailable': False, 'install_base': '/home/spacey/space_y/ws_KRAC/install/launch_package', 'merge_install': False, 'path': '/home/spacey/space_y/ws_KRAC/src/launch_package', 'symlink_install': False, 'test_result_base': None}
[0.986s] INFO:colcon.colcon_core.executor:Executing jobs using 'parallel' executor
[0.988s] DEBUG:colcon.colcon_parallel_executor.executor.parallel:run_until_complete
[0.989s] INFO:colcon.colcon_ros.task.ament_python.build:Building ROS package in '/home/spacey/space_y/ws_KRAC/src/imagery_processing' with build type 'ament_python'
[0.989s] Level 1:colcon.colcon_core.shell:create_environment_hook('imagery_processing', 'ament_prefix_path')
[0.996s] INFO:colcon.colcon_core.plugin_system:Skipping extension 'colcon_core.shell.bat': Not used on non-Windows systems
[0.996s] INFO:colcon.colcon_core.shell:Creating environment hook '/home/spacey/space_y/ws_KRAC/install/imagery_processing/share/imagery_processing/hook/ament_prefix_path.ps1'
[0.999s] INFO:colcon.colcon_core.shell:Creating environment descriptor '/home/spacey/space_y/ws_KRAC/install/imagery_processing/share/imagery_processing/hook/ament_prefix_path.dsv'
[1.000s] INFO:colcon.colcon_core.shell:Creating environment hook '/home/spacey/space_y/ws_KRAC/install/imagery_processing/share/imagery_processing/hook/ament_prefix_path.sh'
[1.001s] INFO:colcon.colcon_core.shell:Skip shell extension 'powershell' for command environment: Not usable outside of PowerShell
[1.001s] DEBUG:colcon.colcon_core.shell:Skip shell extension 'dsv' for command environment
[1.008s] INFO:colcon.colcon_ros.task.ament_cmake.build:Building ROS package in '/home/spacey/space_y/ws_KRAC/src/multirotor' with build type 'ament_cmake'
[1.008s] INFO:colcon.colcon_cmake.task.cmake.build:Building CMake package in '/home/spacey/space_y/ws_KRAC/src/multirotor'
[1.009s] INFO:colcon.colcon_core.shell:Skip shell extension 'powershell' for command environment: Not usable outside of PowerShell
[1.009s] DEBUG:colcon.colcon_core.shell:Skip shell extension 'dsv' for command environment
[1.016s] INFO:colcon.colcon_ros.task.ament_python.build:Building ROS package in '/home/spacey/space_y/ws_KRAC/src/streaming_test' with build type 'ament_python'
[1.016s] Level 1:colcon.colcon_core.shell:create_environment_hook('streaming_test', 'ament_prefix_path')
[1.017s] INFO:colcon.colcon_core.shell:Creating environment hook '/home/spacey/space_y/ws_KRAC/install/streaming_test/share/streaming_test/hook/ament_prefix_path.ps1'
[1.018s] INFO:colcon.colcon_core.shell:Creating environment descriptor '/home/spacey/space_y/ws_KRAC/install/streaming_test/share/streaming_test/hook/ament_prefix_path.dsv'
[1.019s] INFO:colcon.colcon_core.shell:Creating environment hook '/home/spacey/space_y/ws_KRAC/install/streaming_test/share/streaming_test/hook/ament_prefix_path.sh'
[1.020s] INFO:colcon.colcon_core.shell:Skip shell extension 'powershell' for command environment: Not usable outside of PowerShell
[1.020s] DEBUG:colcon.colcon_core.shell:Skip shell extension 'dsv' for command environment
[1.578s] INFO:colcon.colcon_core.task.python.build:Building Python package in '/home/spacey/space_y/ws_KRAC/src/imagery_processing'
[1.579s] INFO:colcon.colcon_core.shell:Skip shell extension 'powershell' for command environment: Not usable outside of PowerShell
[1.579s] DEBUG:colcon.colcon_core.shell:Skip shell extension 'dsv' for command environment
[1.591s] DEBUG:colcon.colcon_core.event_handler.log_command:Invoking command in '/home/spacey/space_y/ws_KRAC/build/multirotor': CMAKE_PREFIX_PATH=${CMAKE_PREFIX_PATH}:/opt/ros/humble /usr/bin/cmake /home/spacey/space_y/ws_KRAC/src/multirotor -DCMAKE_INSTALL_PREFIX=/home/spacey/space_y/ws_KRAC/install/multirotor
[2.187s] INFO:colcon.colcon_core.task.python.build:Building Python package in '/home/spacey/space_y/ws_KRAC/src/streaming_test'
[2.187s] INFO:colcon.colcon_core.shell:Skip shell extension 'powershell' for command environment: Not usable outside of PowerShell
[2.187s] DEBUG:colcon.colcon_core.shell:Skip shell extension 'dsv' for command environment
[2.975s] DEBUG:colcon.colcon_core.event_handler.log_command:Invoking command in '/home/spacey/space_y/ws_KRAC/src/streaming_test': PYTHONPATH=/home/spacey/space_y/ws_KRAC/build/streaming_test/prefix_override:/usr/lib/python3/dist-packages/colcon_core/task/python/colcon_distutils_commands:/home/spacey/space_y/ws_KRAC/install/streaming_test/lib/python3.10/site-packages:${PYTHONPATH} /usr/bin/python3 -W ignore:setup.py install is deprecated -W ignore:easy_install command is deprecated setup.py egg_info --egg-base ../../build/streaming_test build --build-base /home/spacey/space_y/ws_KRAC/build/streaming_test/build install --record /home/spacey/space_y/ws_KRAC/build/streaming_test/install.log --single-version-externally-managed install_data
[3.001s] DEBUG:colcon.colcon_core.event_handler.log_command:Invoking command in '/home/spacey/space_y/ws_KRAC/src/imagery_processing': PYTHONPATH=/home/spacey/space_y/ws_KRAC/build/imagery_processing/prefix_override:/usr/lib/python3/dist-packages/colcon_core/task/python/colcon_distutils_commands:/home/spacey/space_y/ws_KRAC/install/imagery_processing/lib/python3.10/site-packages:${PYTHONPATH} /usr/bin/python3 -W ignore:setup.py install is deprecated -W ignore:easy_install command is deprecated setup.py egg_info --egg-base ../../build/imagery_processing build --build-base /home/spacey/space_y/ws_KRAC/build/imagery_processing/build install --record /home/spacey/space_y/ws_KRAC/build/imagery_processing/install.log --single-version-externally-managed install_data
[3.688s] DEBUG:colcon.colcon_core.event_handler.log_command:Invoked command in '/home/spacey/space_y/ws_KRAC/src/streaming_test' returned '0': PYTHONPATH=/home/spacey/space_y/ws_KRAC/build/streaming_test/prefix_override:/usr/lib/python3/dist-packages/colcon_core/task/python/colcon_distutils_commands:/home/spacey/space_y/ws_KRAC/install/streaming_test/lib/python3.10/site-packages:${PYTHONPATH} /usr/bin/python3 -W ignore:setup.py install is deprecated -W ignore:easy_install command is deprecated setup.py egg_info --egg-base ../../build/streaming_test build --build-base /home/spacey/space_y/ws_KRAC/build/streaming_test/build install --record /home/spacey/space_y/ws_KRAC/build/streaming_test/install.log --single-version-externally-managed install_data
[3.700s] Level 1:colcon.colcon_core.environment:checking '/home/spacey/space_y/ws_KRAC/install/streaming_test' for CMake module files
[3.702s] Level 1:colcon.colcon_core.environment:checking '/home/spacey/space_y/ws_KRAC/install/streaming_test' for CMake config files
[3.704s] Level 1:colcon.colcon_core.environment:checking '/home/spacey/space_y/ws_KRAC/install/streaming_test/lib'
[3.704s] Level 1:colcon.colcon_core.environment:checking '/home/spacey/space_y/ws_KRAC/install/streaming_test/bin'
[3.704s] Level 1:colcon.colcon_core.environment:checking '/home/spacey/space_y/ws_KRAC/install/streaming_test/lib/pkgconfig/streaming_test.pc'
[3.705s] Level 1:colcon.colcon_core.environment:checking '/home/spacey/space_y/ws_KRAC/install/streaming_test/lib/python3.10/site-packages'
[3.705s] Level 1:colcon.colcon_core.shell:create_environment_hook('streaming_test', 'pythonpath')
[3.706s] INFO:colcon.colcon_core.shell:Creating environment hook '/home/spacey/space_y/ws_KRAC/install/streaming_test/share/streaming_test/hook/pythonpath.ps1'
[3.707s] INFO:colcon.colcon_core.shell:Creating environment descriptor '/home/spacey/space_y/ws_KRAC/install/streaming_test/share/streaming_test/hook/pythonpath.dsv'
[3.708s] INFO:colcon.colcon_core.shell:Creating environment hook '/home/spacey/space_y/ws_KRAC/install/streaming_test/share/streaming_test/hook/pythonpath.sh'
[3.709s] Level 1:colcon.colcon_core.environment:checking '/home/spacey/space_y/ws_KRAC/install/streaming_test/bin'
[3.709s] Level 1:colcon.colcon_core.environment:create_environment_scripts_only(streaming_test)
[3.710s] INFO:colcon.colcon_core.shell:Creating package script '/home/spacey/space_y/ws_KRAC/install/streaming_test/share/streaming_test/package.ps1'
[3.713s] INFO:colcon.colcon_core.shell:Creating package descriptor '/home/spacey/space_y/ws_KRAC/install/streaming_test/share/streaming_test/package.dsv'
[3.714s] INFO:colcon.colcon_core.shell:Creating package script '/home/spacey/space_y/ws_KRAC/install/streaming_test/share/streaming_test/package.sh'
[3.716s] INFO:colcon.colcon_core.shell:Creating package script '/home/spacey/space_y/ws_KRAC/install/streaming_test/share/streaming_test/package.bash'
[3.718s] INFO:colcon.colcon_core.shell:Creating package script '/home/spacey/space_y/ws_KRAC/install/streaming_test/share/streaming_test/package.zsh'
[3.719s] Level 1:colcon.colcon_core.environment:create_file_with_runtime_dependencies(/home/spacey/space_y/ws_KRAC/install/streaming_test/share/colcon-core/packages/streaming_test)
[3.821s] Level 1:colcon.colcon_core.environment:checking '/home/spacey/space_y/ws_KRAC/install/imagery_processing' for CMake module files
[3.822s] DEBUG:colcon.colcon_core.event_handler.log_command:Invoked command in '/home/spacey/space_y/ws_KRAC/src/imagery_processing' returned '0': PYTHONPATH=/home/spacey/space_y/ws_KRAC/build/imagery_processing/prefix_override:/usr/lib/python3/dist-packages/colcon_core/task/python/colcon_distutils_commands:/home/spacey/space_y/ws_KRAC/install/imagery_processing/lib/python3.10/site-packages:${PYTHONPATH} /usr/bin/python3 -W ignore:setup.py install is deprecated -W ignore:easy_install command is deprecated setup.py egg_info --egg-base ../../build/imagery_processing build --build-base /home/spacey/space_y/ws_KRAC/build/imagery_processing/build install --record /home/spacey/space_y/ws_KRAC/build/imagery_processing/install.log --single-version-externally-managed install_data
[3.823s] Level 1:colcon.colcon_core.environment:checking '/home/spacey/space_y/ws_KRAC/install/imagery_processing' for CMake config files
[3.825s] Level 1:colcon.colcon_core.environment:checking '/home/spacey/space_y/ws_KRAC/install/imagery_processing/lib'
[3.825s] Level 1:colcon.colcon_core.environment:checking '/home/spacey/space_y/ws_KRAC/install/imagery_processing/bin'
[3.825s] Level 1:colcon.colcon_core.environment:checking '/home/spacey/space_y/ws_KRAC/install/imagery_processing/lib/pkgconfig/imagery_processing.pc'
[3.826s] Level 1:colcon.colcon_core.environment:checking '/home/spacey/space_y/ws_KRAC/install/imagery_processing/lib/python3.10/site-packages'
[3.826s] Level 1:colcon.colcon_core.shell:create_environment_hook('imagery_processing', 'pythonpath')
[3.826s] INFO:colcon.colcon_core.shell:Creating environment hook '/home/spacey/space_y/ws_KRAC/install/imagery_processing/share/imagery_processing/hook/pythonpath.ps1'
[3.827s] INFO:colcon.colcon_core.shell:Creating environment descriptor '/home/spacey/space_y/ws_KRAC/install/imagery_processing/share/imagery_processing/hook/pythonpath.dsv'
[3.828s] INFO:colcon.colcon_core.shell:Creating environment hook '/home/spacey/space_y/ws_KRAC/install/imagery_processing/share/imagery_processing/hook/pythonpath.sh'
[3.830s] Level 1:colcon.colcon_core.environment:checking '/home/spacey/space_y/ws_KRAC/install/imagery_processing/bin'
[3.831s] Level 1:colcon.colcon_core.environment:create_environment_scripts_only(imagery_processing)
[3.832s] INFO:colcon.colcon_core.shell:Creating package script '/home/spacey/space_y/ws_KRAC/install/imagery_processing/share/imagery_processing/package.ps1'
[3.833s] INFO:colcon.colcon_core.shell:Creating package descriptor '/home/spacey/space_y/ws_KRAC/install/imagery_processing/share/imagery_processing/package.dsv'
[3.834s] INFO:colcon.colcon_core.shell:Creating package script '/home/spacey/space_y/ws_KRAC/install/imagery_processing/share/imagery_processing/package.sh'
[3.835s] INFO:colcon.colcon_core.shell:Creating package script '/home/spacey/space_y/ws_KRAC/install/imagery_processing/share/imagery_processing/package.bash'
[3.838s] INFO:colcon.colcon_core.shell:Creating package script '/home/spacey/space_y/ws_KRAC/install/imagery_processing/share/imagery_processing/package.zsh'
[3.839s] Level 1:colcon.colcon_core.environment:create_file_with_runtime_dependencies(/home/spacey/space_y/ws_KRAC/install/imagery_processing/share/colcon-core/packages/imagery_processing)
[3.840s] INFO:colcon.colcon_ros.task.ament_python.build:Building ROS package in '/home/spacey/space_y/ws_KRAC/src/launch_package' with build type 'ament_python'
[3.841s] Level 1:colcon.colcon_core.shell:create_environment_hook('launch_package', 'ament_prefix_path')
[3.841s] INFO:colcon.colcon_core.shell:Creating environment hook '/home/spacey/space_y/ws_KRAC/install/launch_package/share/launch_package/hook/ament_prefix_path.ps1'
[3.844s] INFO:colcon.colcon_core.shell:Creating environment descriptor '/home/spacey/space_y/ws_KRAC/install/launch_package/share/launch_package/hook/ament_prefix_path.dsv'
[3.845s] INFO:colcon.colcon_core.shell:Creating environment hook '/home/spacey/space_y/ws_KRAC/install/launch_package/share/launch_package/hook/ament_prefix_path.sh'
[3.847s] INFO:colcon.colcon_core.shell:Skip shell extension 'powershell' for command environment: Not usable outside of PowerShell
[3.847s] DEBUG:colcon.colcon_core.shell:Skip shell extension 'dsv' for command environment
[4.413s] INFO:colcon.colcon_core.task.python.build:Building Python package in '/home/spacey/space_y/ws_KRAC/src/launch_package'
[4.414s] INFO:colcon.colcon_core.shell:Skip shell extension 'powershell' for command environment: Not usable outside of PowerShell
[4.414s] DEBUG:colcon.colcon_core.shell:Skip shell extension 'dsv' for command environment
[4.451s] DEBUG:colcon.colcon_core.event_handler.log_command:Invoked command in '/home/spacey/space_y/ws_KRAC/build/multirotor' returned '0': CMAKE_PREFIX_PATH=${CMAKE_PREFIX_PATH}:/opt/ros/humble /usr/bin/cmake /home/spacey/space_y/ws_KRAC/src/multirotor -DCMAKE_INSTALL_PREFIX=/home/spacey/space_y/ws_KRAC/install/multirotor
[4.456s] DEBUG:colcon.colcon_core.event_handler.log_command:Invoking command in '/home/spacey/space_y/ws_KRAC/build/multirotor': CMAKE_PREFIX_PATH=${CMAKE_PREFIX_PATH}:/opt/ros/humble /usr/bin/cmake --build /home/spacey/space_y/ws_KRAC/build/multirotor -- -j6 -l6
[5.464s] DEBUG:colcon.colcon_core.event_handler.log_command:Invoking command in '/home/spacey/space_y/ws_KRAC/src/launch_package': AMENT_PREFIX_PATH=/home/spacey/space_y/ws_KRAC/install/imagery_processing:${AMENT_PREFIX_PATH} PYTHONPATH=/home/spacey/space_y/ws_KRAC/build/launch_package/prefix_override:/usr/lib/python3/dist-packages/colcon_core/task/python/colcon_distutils_commands:/home/spacey/space_y/ws_KRAC/install/launch_package/lib/python3.10/site-packages:/home/spacey/space_y/ws_KRAC/install/imagery_processing/lib/python3.10/site-packages:${PYTHONPATH} /usr/bin/python3 -W ignore:setup.py install is deprecated -W ignore:easy_install command is deprecated setup.py egg_info --egg-base ../../build/launch_package build --build-base /home/spacey/space_y/ws_KRAC/build/launch_package/build install --record /home/spacey/space_y/ws_KRAC/build/launch_package/install.log --single-version-externally-managed install_data
[6.313s] Level 1:colcon.colcon_core.environment:checking '/home/spacey/space_y/ws_KRAC/install/launch_package' for CMake module files
[6.314s] Level 1:colcon.colcon_core.environment:checking '/home/spacey/space_y/ws_KRAC/install/launch_package' for CMake config files
[6.316s] Level 1:colcon.colcon_core.environment:checking '/home/spacey/space_y/ws_KRAC/install/launch_package/lib'
[6.316s] Level 1:colcon.colcon_core.environment:checking '/home/spacey/space_y/ws_KRAC/install/launch_package/bin'
[6.316s] Level 1:colcon.colcon_core.environment:checking '/home/spacey/space_y/ws_KRAC/install/launch_package/lib/pkgconfig/launch_package.pc'
[6.317s] Level 1:colcon.colcon_core.environment:checking '/home/spacey/space_y/ws_KRAC/install/launch_package/lib/python3.10/site-packages'
[6.318s] Level 1:colcon.colcon_core.shell:create_environment_hook('launch_package', 'pythonpath')
[6.318s] DEBUG:colcon.colcon_core.event_handler.log_command:Invoked command in '/home/spacey/space_y/ws_KRAC/src/launch_package' returned '0': AMENT_PREFIX_PATH=/home/spacey/space_y/ws_KRAC/install/imagery_processing:${AMENT_PREFIX_PATH} PYTHONPATH=/home/spacey/space_y/ws_KRAC/build/launch_package/prefix_override:/usr/lib/python3/dist-packages/colcon_core/task/python/colcon_distutils_commands:/home/spacey/space_y/ws_KRAC/install/launch_package/lib/python3.10/site-packages:/home/spacey/space_y/ws_KRAC/install/imagery_processing/lib/python3.10/site-packages:${PYTHONPATH} /usr/bin/python3 -W ignore:setup.py install is deprecated -W ignore:easy_install command is deprecated setup.py egg_info --egg-base ../../build/launch_package build --build-base /home/spacey/space_y/ws_KRAC/build/launch_package/build install --record /home/spacey/space_y/ws_KRAC/build/launch_package/install.log --single-version-externally-managed install_data
[6.319s] INFO:colcon.colcon_core.shell:Creating environment hook '/home/spacey/space_y/ws_KRAC/install/launch_package/share/launch_package/hook/pythonpath.ps1'
[6.323s] INFO:colcon.colcon_core.shell:Creating environment descriptor '/home/spacey/space_y/ws_KRAC/install/launch_package/share/launch_package/hook/pythonpath.dsv'
[6.325s] INFO:colcon.colcon_core.shell:Creating environment hook '/home/spacey/space_y/ws_KRAC/install/launch_package/share/launch_package/hook/pythonpath.sh'
[6.327s] Level 1:colcon.colcon_core.environment:checking '/home/spacey/space_y/ws_KRAC/install/launch_package/bin'
[6.327s] Level 1:colcon.colcon_core.environment:create_environment_scripts_only(launch_package)
[6.328s] INFO:colcon.colcon_core.shell:Creating package script '/home/spacey/space_y/ws_KRAC/install/launch_package/share/launch_package/package.ps1'
[6.331s] INFO:colcon.colcon_core.shell:Creating package descriptor '/home/spacey/space_y/ws_KRAC/install/launch_package/share/launch_package/package.dsv'
[6.334s] INFO:colcon.colcon_core.shell:Creating package script '/home/spacey/space_y/ws_KRAC/install/launch_package/share/launch_package/package.sh'
[6.335s] INFO:colcon.colcon_core.shell:Creating package script '/home/spacey/space_y/ws_KRAC/install/launch_package/share/launch_package/package.bash'
[6.341s] INFO:colcon.colcon_core.shell:Creating package script '/home/spacey/space_y/ws_KRAC/install/launch_package/share/launch_package/package.zsh'
[6.343s] Level 1:colcon.colcon_core.environment:create_file_with_runtime_dependencies(/home/spacey/space_y/ws_KRAC/install/launch_package/share/colcon-core/packages/launch_package)
[71.922s] DEBUG:colcon.colcon_core.event_handler.log_command:Invoked command in '/home/spacey/space_y/ws_KRAC/build/multirotor' returned '0': CMAKE_PREFIX_PATH=${CMAKE_PREFIX_PATH}:/opt/ros/humble /usr/bin/cmake --build /home/spacey/space_y/ws_KRAC/build/multirotor -- -j6 -l6
[71.984s] DEBUG:colcon.colcon_core.event_handler.log_command:Invoking command in '/home/spacey/space_y/ws_KRAC/build/multirotor': CMAKE_PREFIX_PATH=${CMAKE_PREFIX_PATH}:/opt/ros/humble /usr/bin/cmake --install /home/spacey/space_y/ws_KRAC/build/multirotor
[72.063s] Level 1:colcon.colcon_core.environment:create_environment_scripts_only(multirotor)
[72.074s] Level 1:colcon.colcon_core.environment:checking '/home/spacey/space_y/ws_KRAC/install/multirotor' for CMake module files
[72.075s] DEBUG:colcon.colcon_core.event_handler.log_command:Invoked command in '/home/spacey/space_y/ws_KRAC/build/multirotor' returned '0': CMAKE_PREFIX_PATH=${CMAKE_PREFIX_PATH}:/opt/ros/humble /usr/bin/cmake --install /home/spacey/space_y/ws_KRAC/build/multirotor
[72.077s] Level 1:colcon.colcon_core.environment:checking '/home/spacey/space_y/ws_KRAC/install/multirotor' for CMake config files
[72.078s] Level 1:colcon.colcon_core.shell:create_environment_hook('multirotor', 'cmake_prefix_path')
[72.080s] INFO:colcon.colcon_core.shell:Creating environment hook '/home/spacey/space_y/ws_KRAC/install/multirotor/share/multirotor/hook/cmake_prefix_path.ps1'
[72.089s] INFO:colcon.colcon_core.shell:Creating environment descriptor '/home/spacey/space_y/ws_KRAC/install/multirotor/share/multirotor/hook/cmake_prefix_path.dsv'
[72.091s] INFO:colcon.colcon_core.shell:Creating environment hook '/home/spacey/space_y/ws_KRAC/install/multirotor/share/multirotor/hook/cmake_prefix_path.sh'
[72.097s] Level 1:colcon.colcon_core.environment:checking '/home/spacey/space_y/ws_KRAC/install/multirotor/lib'
[72.097s] Level 1:colcon.colcon_core.environment:checking '/home/spacey/space_y/ws_KRAC/install/multirotor/bin'
[72.097s] Level 1:colcon.colcon_core.environment:checking '/home/spacey/space_y/ws_KRAC/install/multirotor/lib/pkgconfig/multirotor.pc'
[72.103s] Level 1:colcon.colcon_core.environment:checking '/home/spacey/space_y/ws_KRAC/install/multirotor/lib/python3.10/site-packages'
[72.103s] Level 1:colcon.colcon_core.environment:checking '/home/spacey/space_y/ws_KRAC/install/multirotor/bin'
[72.105s] INFO:colcon.colcon_core.shell:Creating package script '/home/spacey/space_y/ws_KRAC/install/multirotor/share/multirotor/package.ps1'
[72.109s] INFO:colcon.colcon_core.shell:Creating package descriptor '/home/spacey/space_y/ws_KRAC/install/multirotor/share/multirotor/package.dsv'
[72.110s] INFO:colcon.colcon_core.shell:Creating package script '/home/spacey/space_y/ws_KRAC/install/multirotor/share/multirotor/package.sh'
[72.113s] INFO:colcon.colcon_core.shell:Creating package script '/home/spacey/space_y/ws_KRAC/install/multirotor/share/multirotor/package.bash'
[72.115s] INFO:colcon.colcon_core.shell:Creating package script '/home/spacey/space_y/ws_KRAC/install/multirotor/share/multirotor/package.zsh'
[72.117s] Level 1:colcon.colcon_core.environment:create_file_with_runtime_dependencies(/home/spacey/space_y/ws_KRAC/install/multirotor/share/colcon-core/packages/multirotor)
[72.121s] Level 1:colcon.colcon_core.environment:create_environment_scripts_only(multirotor)
[72.121s] Level 1:colcon.colcon_core.environment:checking '/home/spacey/space_y/ws_KRAC/install/multirotor' for CMake module files
[72.123s] Level 1:colcon.colcon_core.environment:checking '/home/spacey/space_y/ws_KRAC/install/multirotor' for CMake config files
[72.123s] Level 1:colcon.colcon_core.shell:create_environment_hook('multirotor', 'cmake_prefix_path')
[72.124s] INFO:colcon.colcon_core.shell:Creating environment hook '/home/spacey/space_y/ws_KRAC/install/multirotor/share/multirotor/hook/cmake_prefix_path.ps1'
[72.125s] INFO:colcon.colcon_core.shell:Creating environment descriptor '/home/spacey/space_y/ws_KRAC/install/multirotor/share/multirotor/hook/cmake_prefix_path.dsv'
[72.127s] INFO:colcon.colcon_core.shell:Creating environment hook '/home/spacey/space_y/ws_KRAC/install/multirotor/share/multirotor/hook/cmake_prefix_path.sh'
[72.129s] Level 1:colcon.colcon_core.environment:checking '/home/spacey/space_y/ws_KRAC/install/multirotor/lib'
[72.129s] Level 1:colcon.colcon_core.environment:checking '/home/spacey/space_y/ws_KRAC/install/multirotor/bin'
[72.129s] Level 1:colcon.colcon_core.environment:checking '/home/spacey/space_y/ws_KRAC/install/multirotor/lib/pkgconfig/multirotor.pc'
[72.130s] Level 1:colcon.colcon_core.environment:checking '/home/spacey/space_y/ws_KRAC/install/multirotor/lib/python3.10/site-packages'
[72.131s] Level 1:colcon.colcon_core.environment:checking '/home/spacey/space_y/ws_KRAC/install/multirotor/bin'
[72.132s] INFO:colcon.colcon_core.shell:Creating package script '/home/spacey/space_y/ws_KRAC/install/multirotor/share/multirotor/package.ps1'
[72.135s] INFO:colcon.colcon_core.shell:Creating package descriptor '/home/spacey/space_y/ws_KRAC/install/multirotor/share/multirotor/package.dsv'
[72.136s] INFO:colcon.colcon_core.shell:Creating package script '/home/spacey/space_y/ws_KRAC/install/multirotor/share/multirotor/package.sh'
[72.137s] INFO:colcon.colcon_core.shell:Creating package script '/home/spacey/space_y/ws_KRAC/install/multirotor/share/multirotor/package.bash'
[72.138s] INFO:colcon.colcon_core.shell:Creating package script '/home/spacey/space_y/ws_KRAC/install/multirotor/share/multirotor/package.zsh'
[72.140s] Level 1:colcon.colcon_core.environment:create_file_with_runtime_dependencies(/home/spacey/space_y/ws_KRAC/install/multirotor/share/colcon-core/packages/multirotor)
[72.143s] DEBUG:colcon.colcon_parallel_executor.executor.parallel:closing loop
[72.146s] DEBUG:colcon.colcon_parallel_executor.executor.parallel:loop closed
[72.147s] DEBUG:colcon.colcon_parallel_executor.executor.parallel:run_until_complete finished with '0'
[72.147s] DEBUG:colcon.colcon_core.event_reactor:joining thread
[72.202s] INFO:colcon.colcon_core.plugin_system:Skipping extension 'colcon_notification.desktop_notification.terminal_notifier': Not used on non-Darwin systems
[72.203s] INFO:colcon.colcon_core.plugin_system:Skipping extension 'colcon_notification.desktop_notification.win32': Not used on non-Windows systems
[72.203s] INFO:colcon.colcon_notification.desktop_notification:Sending desktop notification using 'notify2'
[72.297s] DEBUG:colcon.colcon_core.event_reactor:joined thread
[72.300s] INFO:colcon.colcon_core.shell:Creating prefix script '/home/spacey/space_y/ws_KRAC/install/local_setup.ps1'
[72.304s] INFO:colcon.colcon_core.shell:Creating prefix util module '/home/spacey/space_y/ws_KRAC/install/_local_setup_util_ps1.py'
[72.310s] INFO:colcon.colcon_core.shell:Creating prefix chain script '/home/spacey/space_y/ws_KRAC/install/setup.ps1'
[72.317s] INFO:colcon.colcon_core.shell:Creating prefix script '/home/spacey/space_y/ws_KRAC/install/local_setup.sh'
[72.319s] INFO:colcon.colcon_core.shell:Creating prefix util module '/home/spacey/space_y/ws_KRAC/install/_local_setup_util_sh.py'
[72.321s] INFO:colcon.colcon_core.shell:Creating prefix chain script '/home/spacey/space_y/ws_KRAC/install/setup.sh'
[72.329s] INFO:colcon.colcon_core.shell:Creating prefix script '/home/spacey/space_y/ws_KRAC/install/local_setup.bash'
[72.331s] INFO:colcon.colcon_core.shell:Creating prefix chain script '/home/spacey/space_y/ws_KRAC/install/setup.bash'
[72.334s] INFO:colcon.colcon_core.shell:Creating prefix script '/home/spacey/space_y/ws_KRAC/install/local_setup.zsh'
[72.336s] INFO:colcon.colcon_core.shell:Creating prefix chain script '/home/spacey/space_y/ws_KRAC/install/setup.zsh'
