running egg_info
creating ../../build/launch_package/launch_package.egg-info
writing ../../build/launch_package/launch_package.egg-info/PKG-INFO
writing dependency_links to ../../build/launch_package/launch_package.egg-info/dependency_links.txt
writing entry points to ../../build/launch_package/launch_package.egg-info/entry_points.txt
writing requirements to ../../build/launch_package/launch_package.egg-info/requires.txt
writing top-level names to ../../build/launch_package/launch_package.egg-info/top_level.txt
writing manifest file '../../build/launch_package/launch_package.egg-info/SOURCES.txt'
reading manifest file '../../build/launch_package/launch_package.egg-info/SOURCES.txt'
writing manifest file '../../build/launch_package/launch_package.egg-info/SOURCES.txt'
running build
running build_py
creating /home/spacey/space_y/ws_KRAC/build/launch_package/build
creating /home/spacey/space_y/ws_KRAC/build/launch_package/build/lib
creating /home/spacey/space_y/ws_KRAC/build/launch_package/build/lib/launch_package
copying launch_package/__init__.py -> /home/spacey/space_y/ws_KRAC/build/launch_package/build/lib/launch_package
running install
running install_lib
creating /home/spacey/space_y/ws_KRAC/install/launch_package/lib/python3.10/site-packages/launch_package
copying /home/spacey/space_y/ws_KRAC/build/launch_package/build/lib/launch_package/__init__.py -> /home/spacey/space_y/ws_KRAC/install/launch_package/lib/python3.10/site-packages/launch_package
byte-compiling /home/spacey/space_y/ws_KRAC/install/launch_package/lib/python3.10/site-packages/launch_package/__init__.py to __init__.cpython-310.pyc
running install_data
creating /home/spacey/space_y/ws_KRAC/install/launch_package/share/ament_index
creating /home/spacey/space_y/ws_KRAC/install/launch_package/share/ament_index/resource_index
creating /home/spacey/space_y/ws_KRAC/install/launch_package/share/ament_index/resource_index/packages
copying resource/launch_package -> /home/spacey/space_y/ws_KRAC/install/launch_package/share/ament_index/resource_index/packages
copying package.xml -> /home/spacey/space_y/ws_KRAC/install/launch_package/share/launch_package
creating /home/spacey/space_y/ws_KRAC/install/launch_package/share/launch_package/launch
copying launch/detect_with_bag.launch.py -> /home/spacey/space_y/ws_KRAC/install/launch_package/share/launch_package/launch
running install_egg_info
Copying ../../build/launch_package/launch_package.egg-info to /home/spacey/space_y/ws_KRAC/install/launch_package/lib/python3.10/site-packages/launch_package-0.0.0-py3.10.egg-info
running install_scripts
writing list of installed files to '/home/spacey/space_y/ws_KRAC/build/launch_package/install.log'
