-- Found ament_cmake: 1.3.14 (/opt/ros/humble/share/ament_cmake/cmake)
-- Found rclcpp: 16.0.19 (/opt/ros/humble/share/rclcpp/cmake)
-- Found rosidl_generator_c: 3.1.8 (/opt/ros/humble/share/rosidl_generator_c/cmake)
-- Found rosidl_adapter: 3.1.8 (/opt/ros/humble/share/rosidl_adapter/cmake)
-- Found rosidl_generator_cpp: 3.1.8 (/opt/ros/humble/share/rosidl_generator_cpp/cmake)
-- Using all available rosidl_typesupport_c: rosidl_typesupport_fastrtps_c;rosidl_typesupport_introspection_c
-- Using all available rosidl_typesupport_cpp: rosidl_typesupport_fastrtps_cpp;rosidl_typesupport_introspection_cpp
-- Found rmw_implementation_cmake: 6.1.2 (/opt/ros/humble/share/rmw_implementation_cmake/cmake)
-- Found rmw_fastrtps_cpp: 6.2.10 (/opt/ros/humble/share/rmw_fastrtps_cpp/cmake)
-- Using RMW implementation 'rmw_fastrtps_cpp' as default
-- Found px4_msgs: 2.0.1 (/home/spacey/ws_sensor_combined/install/px4_msgs/share/px4_msgs/cmake)
-- Found geometry_msgs: 4.9.1 (/opt/ros/humble/share/geometry_msgs/cmake)
-- Configuring done
-- Generating done
-- Build files have been written to: /home/spacey/space_y/ws_KRAC/build/multirotor
[35m[1mConsolidate compiler generated dependencies of target land_test[0m
[100%] Built target land_test
-- Install configuration: ""
-- Up-to-date: /home/spacey/space_y/ws_KRAC/install/multirotor/lib/multirotor/land_test
-- Up-to-date: /home/spacey/space_y/ws_KRAC/install/multirotor/share/ament_index/resource_index/package_run_dependencies/multirotor
-- Up-to-date: /home/spacey/space_y/ws_KRAC/install/multirotor/share/ament_index/resource_index/parent_prefix_path/multirotor
-- Up-to-date: /home/spacey/space_y/ws_KRAC/install/multirotor/share/multirotor/environment/ament_prefix_path.sh
-- Installing: /home/spacey/space_y/ws_KRAC/install/multirotor/share/multirotor/environment/ament_prefix_path.dsv
-- Up-to-date: /home/spacey/space_y/ws_KRAC/install/multirotor/share/multirotor/environment/path.sh
-- Installing: /home/spacey/space_y/ws_KRAC/install/multirotor/share/multirotor/environment/path.dsv
-- Up-to-date: /home/spacey/space_y/ws_KRAC/install/multirotor/share/multirotor/local_setup.bash
-- Up-to-date: /home/spacey/space_y/ws_KRAC/install/multirotor/share/multirotor/local_setup.sh
-- Up-to-date: /home/spacey/space_y/ws_KRAC/install/multirotor/share/multirotor/local_setup.zsh
-- Installing: /home/spacey/space_y/ws_KRAC/install/multirotor/share/multirotor/local_setup.dsv
-- Installing: /home/spacey/space_y/ws_KRAC/install/multirotor/share/multirotor/package.dsv
-- Up-to-date: /home/spacey/space_y/ws_KRAC/install/multirotor/share/ament_index/resource_index/packages/multirotor
-- Up-to-date: /home/spacey/space_y/ws_KRAC/install/multirotor/share/multirotor/cmake/multirotorConfig.cmake
-- Up-to-date: /home/spacey/space_y/ws_KRAC/install/multirotor/share/multirotor/cmake/multirotorConfig-version.cmake
-- Up-to-date: /home/spacey/space_y/ws_KRAC/install/multirotor/share/multirotor/package.xml
