[0.549s] Invoking command in '/home/spacey/space_y/ws_KRAC/build/multirotor': CMAKE_PREFIX_PATH=${CMAKE_PREFIX_PATH}:/opt/ros/humble /usr/bin/cmake --build /home/spacey/space_y/ws_KRAC/build/multirotor -- -j6 -l6
[0.627s] -- Found ament_cmake: 1.3.14 (/opt/ros/humble/share/ament_cmake/cmake)
[0.925s] -- Found rclcpp: 16.0.19 (/opt/ros/humble/share/rclcpp/cmake)
[0.991s] -- Found rosidl_generator_c: 3.1.8 (/opt/ros/humble/share/rosidl_generator_c/cmake)
[0.996s] -- Found rosidl_adapter: 3.1.8 (/opt/ros/humble/share/rosidl_adapter/cmake)
[1.010s] -- Found rosidl_generator_cpp: 3.1.8 (/opt/ros/humble/share/rosidl_generator_cpp/cmake)
[1.032s] -- Using all available rosidl_typesupport_c: rosidl_typesupport_fastrtps_c;rosidl_typesupport_introspection_c
[1.058s] -- Using all available rosidl_typesupport_cpp: rosidl_typesupport_fastrtps_cpp;rosidl_typesupport_introspection_cpp
[1.128s] -- Found rmw_implementation_cmake: 6.1.2 (/opt/ros/humble/share/rmw_implementation_cmake/cmake)
[1.131s] -- Found rmw_fastrtps_cpp: 6.2.10 (/opt/ros/humble/share/rmw_fastrtps_cpp/cmake)
[1.332s] -- Using RMW implementation 'rmw_fastrtps_cpp' as default
[1.436s] -- Found px4_msgs: 2.0.1 (/home/spacey/ws_sensor_combined/install/px4_msgs/share/px4_msgs/cmake)
[1.462s] -- Found geometry_msgs: 4.9.1 (/opt/ros/humble/share/geometry_msgs/cmake)
[1.638s] -- Configuring done
[1.664s] -- Generating done
[1.674s] -- Build files have been written to: /home/spacey/space_y/ws_KRAC/build/multirotor
[1.738s] [35m[1mConsolidate compiler generated dependencies of target land_test[0m
[1.808s] [100%] Built target land_test
[1.836s] Invoked command in '/home/spacey/space_y/ws_KRAC/build/multirotor' returned '0': CMAKE_PREFIX_PATH=${CMAKE_PREFIX_PATH}:/opt/ros/humble /usr/bin/cmake --build /home/spacey/space_y/ws_KRAC/build/multirotor -- -j6 -l6
[1.861s] Invoking command in '/home/spacey/space_y/ws_KRAC/build/multirotor': CMAKE_PREFIX_PATH=${CMAKE_PREFIX_PATH}:/opt/ros/humble /usr/bin/cmake --install /home/spacey/space_y/ws_KRAC/build/multirotor
[1.878s] -- Install configuration: ""
[1.878s] -- Up-to-date: /home/spacey/space_y/ws_KRAC/install/multirotor/lib/multirotor/land_test
[1.878s] -- Up-to-date: /home/spacey/space_y/ws_KRAC/install/multirotor/share/ament_index/resource_index/package_run_dependencies/multirotor
[1.879s] -- Up-to-date: /home/spacey/space_y/ws_KRAC/install/multirotor/share/ament_index/resource_index/parent_prefix_path/multirotor
[1.879s] -- Up-to-date: /home/spacey/space_y/ws_KRAC/install/multirotor/share/multirotor/environment/ament_prefix_path.sh
[1.879s] -- Installing: /home/spacey/space_y/ws_KRAC/install/multirotor/share/multirotor/environment/ament_prefix_path.dsv
[1.879s] -- Up-to-date: /home/spacey/space_y/ws_KRAC/install/multirotor/share/multirotor/environment/path.sh
[1.879s] -- Installing: /home/spacey/space_y/ws_KRAC/install/multirotor/share/multirotor/environment/path.dsv
[1.880s] -- Up-to-date: /home/spacey/space_y/ws_KRAC/install/multirotor/share/multirotor/local_setup.bash
[1.880s] -- Up-to-date: /home/spacey/space_y/ws_KRAC/install/multirotor/share/multirotor/local_setup.sh
[1.880s] -- Up-to-date: /home/spacey/space_y/ws_KRAC/install/multirotor/share/multirotor/local_setup.zsh
[1.880s] -- Installing: /home/spacey/space_y/ws_KRAC/install/multirotor/share/multirotor/local_setup.dsv
[1.880s] -- Installing: /home/spacey/space_y/ws_KRAC/install/multirotor/share/multirotor/package.dsv
[1.881s] -- Up-to-date: /home/spacey/space_y/ws_KRAC/install/multirotor/share/ament_index/resource_index/packages/multirotor
[1.881s] -- Up-to-date: /home/spacey/space_y/ws_KRAC/install/multirotor/share/multirotor/cmake/multirotorConfig.cmake
[1.881s] -- Up-to-date: /home/spacey/space_y/ws_KRAC/install/multirotor/share/multirotor/cmake/multirotorConfig-version.cmake
[1.881s] -- Up-to-date: /home/spacey/space_y/ws_KRAC/install/multirotor/share/multirotor/package.xml
[1.887s] Invoked command in '/home/spacey/space_y/ws_KRAC/build/multirotor' returned '0': CMAKE_PREFIX_PATH=${CMAKE_PREFIX_PATH}:/opt/ros/humble /usr/bin/cmake --install /home/spacey/space_y/ws_KRAC/build/multirotor
