running egg_info
writing ../../build/imagery_processing/imagery_processing.egg-info/PKG-INFO
writing dependency_links to ../../build/imagery_processing/imagery_processing.egg-info/dependency_links.txt
writing entry points to ../../build/imagery_processing/imagery_processing.egg-info/entry_points.txt
writing requirements to ../../build/imagery_processing/imagery_processing.egg-info/requires.txt
writing top-level names to ../../build/imagery_processing/imagery_processing.egg-info/top_level.txt
reading manifest file '../../build/imagery_processing/imagery_processing.egg-info/SOURCES.txt'
adding license file 'LICENSE'
writing manifest file '../../build/imagery_processing/imagery_processing.egg-info/SOURCES.txt'
running build
running build_py
running install
running install_lib
running install_data
running install_egg_info
removing '/home/spacey/space_y/ws_KRAC/install/imagery_processing/lib/python3.10/site-packages/imagery_processing-0.0.0-py3.10.egg-info' (and everything under it)
Copying ../../build/imagery_processing/imagery_processing.egg-info to /home/spacey/space_y/ws_KRAC/install/imagery_processing/lib/python3.10/site-packages/imagery_processing-0.0.0-py3.10.egg-info
running install_scripts
Installing marker_recognition script to /home/spacey/space_y/ws_KRAC/install/imagery_processing/lib/imagery_processing
writing list of installed files to '/home/spacey/space_y/ws_KRAC/build/imagery_processing/install.log'
