[0.331s] DEBUG:colcon:Command line arguments: ['/usr/bin/colcon', 'build']
[0.332s] DEBUG:colcon:Parsed command line arguments: Namespace(log_base=None, log_level=None, verb_name='build', build_base='build', install_base='install', merge_install=False, symlink_install=False, test_result_base=None, continue_on_error=False, executor='parallel', parallel_workers=6, event_handlers=None, ignore_user_meta=False, metas=['./colcon.meta'], base_paths=['.'], packages_ignore=None, packages_ignore_regex=None, paths=None, packages_up_to=None, packages_up_to_regex=None, packages_above=None, packages_above_and_dependencies=None, packages_above_depth=None, packages_select_by_dep=None, packages_skip_by_dep=None, packages_skip_up_to=None, packages_select_build_failed=False, packages_skip_build_finished=False, packages_select_test_failures=False, packages_skip_test_passed=False, packages_select=None, packages_skip=None, packages_select_regex=None, packages_skip_regex=None, packages_start=None, packages_end=None, allow_overriding=[], cmake_args=None, cmake_target=None, cmake_target_skip_unavailable=False, cmake_clean_cache=False, cmake_clean_first=False, cmake_force_configure=False, ament_cmake_args=None, catkin_cmake_args=None, catkin_skip_building_tests=False, verb_parser=<colcon_defaults.argument_parser.defaults.DefaultArgumentsDecorator object at 0xffff7e4f74f0>, verb_extension=<colcon_core.verb.build.BuildVerb object at 0xffff7e4f6fe0>, main=<bound method BuildVerb.main of <colcon_core.verb.build.BuildVerb object at 0xffff7e4f6fe0>>)
[0.742s] Level 1:colcon.colcon_core.package_discovery:discover_packages(colcon_meta) check parameters
[0.742s] Level 1:colcon.colcon_core.package_discovery:discover_packages(recursive) check parameters
[0.743s] Level 1:colcon.colcon_core.package_discovery:discover_packages(ignore) check parameters
[0.743s] Level 1:colcon.colcon_core.package_discovery:discover_packages(path) check parameters
[0.743s] Level 1:colcon.colcon_core.package_discovery:discover_packages(colcon_meta) discover
[0.743s] Level 1:colcon.colcon_core.package_discovery:discover_packages(recursive) discover
[0.743s] INFO:colcon.colcon_core.package_discovery:Crawling recursively for packages in '/home/spacey/space_y/ws_KRAC'
[0.743s] Level 1:colcon.colcon_core.package_identification:_identify(.) by extensions ['ignore', 'ignore_ament_install']
[0.743s] Level 1:colcon.colcon_core.package_identification:_identify(.) by extension 'ignore'
[0.744s] Level 1:colcon.colcon_core.package_identification:_identify(.) by extension 'ignore_ament_install'
[0.744s] Level 1:colcon.colcon_core.package_identification:_identify(.) by extensions ['colcon_pkg']
[0.744s] Level 1:colcon.colcon_core.package_identification:_identify(.) by extension 'colcon_pkg'
[0.744s] Level 1:colcon.colcon_core.package_identification:_identify(.) by extensions ['colcon_meta']
[0.744s] Level 1:colcon.colcon_core.package_identification:_identify(.) by extension 'colcon_meta'
[0.744s] Level 1:colcon.colcon_core.package_identification:_identify(.) by extensions ['ros']
[0.744s] Level 1:colcon.colcon_core.package_identification:_identify(.) by extension 'ros'
[0.771s] Level 1:colcon.colcon_core.package_identification:_identify(.) by extensions ['cmake', 'python']
[0.771s] Level 1:colcon.colcon_core.package_identification:_identify(.) by extension 'cmake'
[0.771s] Level 1:colcon.colcon_core.package_identification:_identify(.) by extension 'python'
[0.771s] Level 1:colcon.colcon_core.package_identification:_identify(.) by extensions ['python_setup_py']
[0.771s] Level 1:colcon.colcon_core.package_identification:_identify(.) by extension 'python_setup_py'
[0.772s] Level 1:colcon.colcon_core.package_identification:_identify(build) by extensions ['ignore', 'ignore_ament_install']
[0.772s] Level 1:colcon.colcon_core.package_identification:_identify(build) by extension 'ignore'
[0.772s] Level 1:colcon.colcon_core.package_identification:_identify(build) ignored
[0.772s] Level 1:colcon.colcon_core.package_identification:_identify(install) by extensions ['ignore', 'ignore_ament_install']
[0.773s] Level 1:colcon.colcon_core.package_identification:_identify(install) by extension 'ignore'
[0.773s] Level 1:colcon.colcon_core.package_identification:_identify(install) ignored
[0.773s] Level 1:colcon.colcon_core.package_identification:_identify(log) by extensions ['ignore', 'ignore_ament_install']
[0.773s] Level 1:colcon.colcon_core.package_identification:_identify(log) by extension 'ignore'
[0.773s] Level 1:colcon.colcon_core.package_identification:_identify(log) ignored
[0.774s] Level 1:colcon.colcon_core.package_identification:_identify(src) by extensions ['ignore', 'ignore_ament_install']
[0.774s] Level 1:colcon.colcon_core.package_identification:_identify(src) by extension 'ignore'
[0.774s] Level 1:colcon.colcon_core.package_identification:_identify(src) by extension 'ignore_ament_install'
[0.774s] Level 1:colcon.colcon_core.package_identification:_identify(src) by extensions ['colcon_pkg']
[0.774s] Level 1:colcon.colcon_core.package_identification:_identify(src) by extension 'colcon_pkg'
[0.774s] Level 1:colcon.colcon_core.package_identification:_identify(src) by extensions ['colcon_meta']
[0.774s] Level 1:colcon.colcon_core.package_identification:_identify(src) by extension 'colcon_meta'
[0.774s] Level 1:colcon.colcon_core.package_identification:_identify(src) by extensions ['ros']
[0.774s] Level 1:colcon.colcon_core.package_identification:_identify(src) by extension 'ros'
[0.775s] Level 1:colcon.colcon_core.package_identification:_identify(src) by extensions ['cmake', 'python']
[0.775s] Level 1:colcon.colcon_core.package_identification:_identify(src) by extension 'cmake'
[0.775s] Level 1:colcon.colcon_core.package_identification:_identify(src) by extension 'python'
[0.775s] Level 1:colcon.colcon_core.package_identification:_identify(src) by extensions ['python_setup_py']
[0.775s] Level 1:colcon.colcon_core.package_identification:_identify(src) by extension 'python_setup_py'
[0.775s] Level 1:colcon.colcon_core.package_identification:_identify(src/imagery_processing) by extensions ['ignore', 'ignore_ament_install']
[0.775s] Level 1:colcon.colcon_core.package_identification:_identify(src/imagery_processing) by extension 'ignore'
[0.776s] Level 1:colcon.colcon_core.package_identification:_identify(src/imagery_processing) by extension 'ignore_ament_install'
[0.776s] Level 1:colcon.colcon_core.package_identification:_identify(src/imagery_processing) by extensions ['colcon_pkg']
[0.776s] Level 1:colcon.colcon_core.package_identification:_identify(src/imagery_processing) by extension 'colcon_pkg'
[0.776s] Level 1:colcon.colcon_core.package_identification:_identify(src/imagery_processing) by extensions ['colcon_meta']
[0.776s] Level 1:colcon.colcon_core.package_identification:_identify(src/imagery_processing) by extension 'colcon_meta'
[0.776s] Level 1:colcon.colcon_core.package_identification:_identify(src/imagery_processing) by extensions ['ros']
[0.776s] Level 1:colcon.colcon_core.package_identification:_identify(src/imagery_processing) by extension 'ros'
[0.782s] DEBUG:colcon.colcon_core.package_identification:Package 'src/imagery_processing' with type 'ros.ament_python' and name 'imagery_processing'
[0.782s] Level 1:colcon.colcon_core.package_identification:_identify(src/launch_package) by extensions ['ignore', 'ignore_ament_install']
[0.783s] Level 1:colcon.colcon_core.package_identification:_identify(src/launch_package) by extension 'ignore'
[0.783s] Level 1:colcon.colcon_core.package_identification:_identify(src/launch_package) by extension 'ignore_ament_install'
[0.783s] Level 1:colcon.colcon_core.package_identification:_identify(src/launch_package) by extensions ['colcon_pkg']
[0.783s] Level 1:colcon.colcon_core.package_identification:_identify(src/launch_package) by extension 'colcon_pkg'
[0.783s] Level 1:colcon.colcon_core.package_identification:_identify(src/launch_package) by extensions ['colcon_meta']
[0.783s] Level 1:colcon.colcon_core.package_identification:_identify(src/launch_package) by extension 'colcon_meta'
[0.783s] Level 1:colcon.colcon_core.package_identification:_identify(src/launch_package) by extensions ['ros']
[0.783s] Level 1:colcon.colcon_core.package_identification:_identify(src/launch_package) by extension 'ros'
[0.785s] DEBUG:colcon.colcon_core.package_identification:Package 'src/launch_package' with type 'ros.ament_python' and name 'launch_package'
[0.785s] Level 1:colcon.colcon_core.package_identification:_identify(src/multirotor) by extensions ['ignore', 'ignore_ament_install']
[0.786s] Level 1:colcon.colcon_core.package_identification:_identify(src/multirotor) by extension 'ignore'
[0.786s] Level 1:colcon.colcon_core.package_identification:_identify(src/multirotor) by extension 'ignore_ament_install'
[0.786s] Level 1:colcon.colcon_core.package_identification:_identify(src/multirotor) by extensions ['colcon_pkg']
[0.786s] Level 1:colcon.colcon_core.package_identification:_identify(src/multirotor) by extension 'colcon_pkg'
[0.786s] Level 1:colcon.colcon_core.package_identification:_identify(src/multirotor) by extensions ['colcon_meta']
[0.786s] Level 1:colcon.colcon_core.package_identification:_identify(src/multirotor) by extension 'colcon_meta'
[0.786s] Level 1:colcon.colcon_core.package_identification:_identify(src/multirotor) by extensions ['ros']
[0.786s] Level 1:colcon.colcon_core.package_identification:_identify(src/multirotor) by extension 'ros'
[0.788s] DEBUG:colcon.colcon_core.package_identification:Package 'src/multirotor' with type 'ros.ament_cmake' and name 'multirotor'
[0.788s] Level 1:colcon.colcon_core.package_discovery:discover_packages(recursive) using defaults
[0.788s] Level 1:colcon.colcon_core.package_discovery:discover_packages(ignore) discover
[0.788s] Level 1:colcon.colcon_core.package_discovery:discover_packages(ignore) using defaults
[0.788s] Level 1:colcon.colcon_core.package_discovery:discover_packages(path) discover
[0.788s] Level 1:colcon.colcon_core.package_discovery:discover_packages(path) using defaults
[0.837s] Level 1:colcon.colcon_core.package_discovery:discover_packages(prefix_path) check parameters
[0.837s] Level 1:colcon.colcon_core.package_discovery:discover_packages(prefix_path) discover
[0.843s] DEBUG:colcon.colcon_installed_package_information.package_discovery:Found 2 installed packages in /home/spacey/ws_sensor_combined/install
[0.846s] DEBUG:colcon.colcon_installed_package_information.package_discovery:Found 276 installed packages in /opt/ros/humble
[0.880s] Level 1:colcon.colcon_core.package_discovery:discover_packages(prefix_path) using defaults
[0.985s] Level 5:colcon.colcon_core.verb:set package 'imagery_processing' build argument 'cmake_args' from command line to 'None'
[0.985s] Level 5:colcon.colcon_core.verb:set package 'imagery_processing' build argument 'cmake_target' from command line to 'None'
[0.985s] Level 5:colcon.colcon_core.verb:set package 'imagery_processing' build argument 'cmake_target_skip_unavailable' from command line to 'False'
[0.985s] Level 5:colcon.colcon_core.verb:set package 'imagery_processing' build argument 'cmake_clean_cache' from command line to 'False'
[0.986s] Level 5:colcon.colcon_core.verb:set package 'imagery_processing' build argument 'cmake_clean_first' from command line to 'False'
[0.986s] Level 5:colcon.colcon_core.verb:set package 'imagery_processing' build argument 'cmake_force_configure' from command line to 'False'
[0.986s] Level 5:colcon.colcon_core.verb:set package 'imagery_processing' build argument 'ament_cmake_args' from command line to 'None'
[0.986s] Level 5:colcon.colcon_core.verb:set package 'imagery_processing' build argument 'catkin_cmake_args' from command line to 'None'
[0.986s] Level 5:colcon.colcon_core.verb:set package 'imagery_processing' build argument 'catkin_skip_building_tests' from command line to 'False'
[0.986s] DEBUG:colcon.colcon_core.verb:Building package 'imagery_processing' with the following arguments: {'ament_cmake_args': None, 'build_base': '/home/spacey/space_y/ws_KRAC/build/imagery_processing', 'catkin_cmake_args': None, 'catkin_skip_building_tests': False, 'cmake_args': None, 'cmake_clean_cache': False, 'cmake_clean_first': False, 'cmake_force_configure': False, 'cmake_target': None, 'cmake_target_skip_unavailable': False, 'install_base': '/home/spacey/space_y/ws_KRAC/install/imagery_processing', 'merge_install': False, 'path': '/home/spacey/space_y/ws_KRAC/src/imagery_processing', 'symlink_install': False, 'test_result_base': None}
[0.987s] Level 5:colcon.colcon_core.verb:set package 'multirotor' build argument 'cmake_args' from command line to 'None'
[0.987s] Level 5:colcon.colcon_core.verb:set package 'multirotor' build argument 'cmake_target' from command line to 'None'
[0.987s] Level 5:colcon.colcon_core.verb:set package 'multirotor' build argument 'cmake_target_skip_unavailable' from command line to 'False'
[0.987s] Level 5:colcon.colcon_core.verb:set package 'multirotor' build argument 'cmake_clean_cache' from command line to 'False'
[0.987s] Level 5:colcon.colcon_core.verb:set package 'multirotor' build argument 'cmake_clean_first' from command line to 'False'
[0.987s] Level 5:colcon.colcon_core.verb:set package 'multirotor' build argument 'cmake_force_configure' from command line to 'False'
[0.987s] Level 5:colcon.colcon_core.verb:set package 'multirotor' build argument 'ament_cmake_args' from command line to 'None'
[0.987s] Level 5:colcon.colcon_core.verb:set package 'multirotor' build argument 'catkin_cmake_args' from command line to 'None'
[0.987s] Level 5:colcon.colcon_core.verb:set package 'multirotor' build argument 'catkin_skip_building_tests' from command line to 'False'
[0.987s] DEBUG:colcon.colcon_core.verb:Building package 'multirotor' with the following arguments: {'ament_cmake_args': None, 'build_base': '/home/spacey/space_y/ws_KRAC/build/multirotor', 'catkin_cmake_args': None, 'catkin_skip_building_tests': False, 'cmake_args': None, 'cmake_clean_cache': False, 'cmake_clean_first': False, 'cmake_force_configure': False, 'cmake_target': None, 'cmake_target_skip_unavailable': False, 'install_base': '/home/spacey/space_y/ws_KRAC/install/multirotor', 'merge_install': False, 'path': '/home/spacey/space_y/ws_KRAC/src/multirotor', 'symlink_install': False, 'test_result_base': None}
[0.988s] Level 5:colcon.colcon_core.verb:set package 'launch_package' build argument 'cmake_args' from command line to 'None'
[0.988s] Level 5:colcon.colcon_core.verb:set package 'launch_package' build argument 'cmake_target' from command line to 'None'
[0.988s] Level 5:colcon.colcon_core.verb:set package 'launch_package' build argument 'cmake_target_skip_unavailable' from command line to 'False'
[0.988s] Level 5:colcon.colcon_core.verb:set package 'launch_package' build argument 'cmake_clean_cache' from command line to 'False'
[0.988s] Level 5:colcon.colcon_core.verb:set package 'launch_package' build argument 'cmake_clean_first' from command line to 'False'
[0.988s] Level 5:colcon.colcon_core.verb:set package 'launch_package' build argument 'cmake_force_configure' from command line to 'False'
[0.988s] Level 5:colcon.colcon_core.verb:set package 'launch_package' build argument 'ament_cmake_args' from command line to 'None'
[0.988s] Level 5:colcon.colcon_core.verb:set package 'launch_package' build argument 'catkin_cmake_args' from command line to 'None'
[0.988s] Level 5:colcon.colcon_core.verb:set package 'launch_package' build argument 'catkin_skip_building_tests' from command line to 'False'
[0.988s] DEBUG:colcon.colcon_core.verb:Building package 'launch_package' with the following arguments: {'ament_cmake_args': None, 'build_base': '/home/spacey/space_y/ws_KRAC/build/launch_package', 'catkin_cmake_args': None, 'catkin_skip_building_tests': False, 'cmake_args': None, 'cmake_clean_cache': False, 'cmake_clean_first': False, 'cmake_force_configure': False, 'cmake_target': None, 'cmake_target_skip_unavailable': False, 'install_base': '/home/spacey/space_y/ws_KRAC/install/launch_package', 'merge_install': False, 'path': '/home/spacey/space_y/ws_KRAC/src/launch_package', 'symlink_install': False, 'test_result_base': None}
[0.989s] INFO:colcon.colcon_core.executor:Executing jobs using 'parallel' executor
[0.991s] DEBUG:colcon.colcon_parallel_executor.executor.parallel:run_until_complete
[0.992s] INFO:colcon.colcon_ros.task.ament_python.build:Building ROS package in '/home/spacey/space_y/ws_KRAC/src/imagery_processing' with build type 'ament_python'
[0.992s] Level 1:colcon.colcon_core.shell:create_environment_hook('imagery_processing', 'ament_prefix_path')
[0.998s] INFO:colcon.colcon_core.plugin_system:Skipping extension 'colcon_core.shell.bat': Not used on non-Windows systems
[0.999s] INFO:colcon.colcon_core.shell:Creating environment hook '/home/spacey/space_y/ws_KRAC/install/imagery_processing/share/imagery_processing/hook/ament_prefix_path.ps1'
[1.000s] INFO:colcon.colcon_core.shell:Creating environment descriptor '/home/spacey/space_y/ws_KRAC/install/imagery_processing/share/imagery_processing/hook/ament_prefix_path.dsv'
[1.001s] INFO:colcon.colcon_core.shell:Creating environment hook '/home/spacey/space_y/ws_KRAC/install/imagery_processing/share/imagery_processing/hook/ament_prefix_path.sh'
[1.003s] INFO:colcon.colcon_core.shell:Skip shell extension 'powershell' for command environment: Not usable outside of PowerShell
[1.003s] DEBUG:colcon.colcon_core.shell:Skip shell extension 'dsv' for command environment
[1.010s] INFO:colcon.colcon_ros.task.ament_cmake.build:Building ROS package in '/home/spacey/space_y/ws_KRAC/src/multirotor' with build type 'ament_cmake'
[1.011s] INFO:colcon.colcon_cmake.task.cmake.build:Building CMake package in '/home/spacey/space_y/ws_KRAC/src/multirotor'
[1.011s] INFO:colcon.colcon_core.shell:Skip shell extension 'powershell' for command environment: Not usable outside of PowerShell
[1.012s] DEBUG:colcon.colcon_core.shell:Skip shell extension 'dsv' for command environment
[1.541s] INFO:colcon.colcon_core.task.python.build:Building Python package in '/home/spacey/space_y/ws_KRAC/src/imagery_processing'
[1.542s] INFO:colcon.colcon_core.shell:Skip shell extension 'powershell' for command environment: Not usable outside of PowerShell
[1.542s] DEBUG:colcon.colcon_core.shell:Skip shell extension 'dsv' for command environment
[1.560s] DEBUG:colcon.colcon_core.event_handler.log_command:Invoking command in '/home/spacey/space_y/ws_KRAC/build/multirotor': CMAKE_PREFIX_PATH=${CMAKE_PREFIX_PATH}:/opt/ros/humble /usr/bin/cmake --build /home/spacey/space_y/ws_KRAC/build/multirotor -- -j6 -l6
[2.312s] DEBUG:colcon.colcon_core.event_handler.log_command:Invoking command in '/home/spacey/space_y/ws_KRAC/src/imagery_processing': PYTHONPATH=/home/spacey/space_y/ws_KRAC/build/imagery_processing/prefix_override:/usr/lib/python3/dist-packages/colcon_core/task/python/colcon_distutils_commands:/home/spacey/space_y/ws_KRAC/install/imagery_processing/lib/python3.10/site-packages:${PYTHONPATH} /usr/bin/python3 -W ignore:setup.py install is deprecated -W ignore:easy_install command is deprecated setup.py egg_info --egg-base ../../build/imagery_processing build --build-base /home/spacey/space_y/ws_KRAC/build/imagery_processing/build install --record /home/spacey/space_y/ws_KRAC/build/imagery_processing/install.log --single-version-externally-managed install_data
[2.847s] DEBUG:colcon.colcon_core.event_handler.log_command:Invoked command in '/home/spacey/space_y/ws_KRAC/build/multirotor' returned '0': CMAKE_PREFIX_PATH=${CMAKE_PREFIX_PATH}:/opt/ros/humble /usr/bin/cmake --build /home/spacey/space_y/ws_KRAC/build/multirotor -- -j6 -l6
[2.872s] DEBUG:colcon.colcon_core.event_handler.log_command:Invoking command in '/home/spacey/space_y/ws_KRAC/build/multirotor': CMAKE_PREFIX_PATH=${CMAKE_PREFIX_PATH}:/opt/ros/humble /usr/bin/cmake --install /home/spacey/space_y/ws_KRAC/build/multirotor
[2.897s] Level 1:colcon.colcon_core.environment:create_environment_scripts_only(multirotor)
[2.899s] DEBUG:colcon.colcon_core.event_handler.log_command:Invoked command in '/home/spacey/space_y/ws_KRAC/build/multirotor' returned '0': CMAKE_PREFIX_PATH=${CMAKE_PREFIX_PATH}:/opt/ros/humble /usr/bin/cmake --install /home/spacey/space_y/ws_KRAC/build/multirotor
[2.909s] Level 1:colcon.colcon_core.environment:checking '/home/spacey/space_y/ws_KRAC/install/multirotor' for CMake module files
[2.912s] Level 1:colcon.colcon_core.environment:checking '/home/spacey/space_y/ws_KRAC/install/multirotor' for CMake config files
[2.913s] Level 1:colcon.colcon_core.shell:create_environment_hook('multirotor', 'cmake_prefix_path')
[2.913s] INFO:colcon.colcon_core.shell:Creating environment hook '/home/spacey/space_y/ws_KRAC/install/multirotor/share/multirotor/hook/cmake_prefix_path.ps1'
[2.915s] INFO:colcon.colcon_core.shell:Creating environment descriptor '/home/spacey/space_y/ws_KRAC/install/multirotor/share/multirotor/hook/cmake_prefix_path.dsv'
[2.920s] INFO:colcon.colcon_core.shell:Creating environment hook '/home/spacey/space_y/ws_KRAC/install/multirotor/share/multirotor/hook/cmake_prefix_path.sh'
[2.922s] Level 1:colcon.colcon_core.environment:checking '/home/spacey/space_y/ws_KRAC/install/multirotor/lib'
[2.923s] Level 1:colcon.colcon_core.environment:checking '/home/spacey/space_y/ws_KRAC/install/multirotor/bin'
[2.923s] Level 1:colcon.colcon_core.environment:checking '/home/spacey/space_y/ws_KRAC/install/multirotor/lib/pkgconfig/multirotor.pc'
[2.924s] Level 1:colcon.colcon_core.environment:checking '/home/spacey/space_y/ws_KRAC/install/multirotor/lib/python3.10/site-packages'
[2.924s] Level 1:colcon.colcon_core.environment:checking '/home/spacey/space_y/ws_KRAC/install/multirotor/bin'
[2.925s] INFO:colcon.colcon_core.shell:Creating package script '/home/spacey/space_y/ws_KRAC/install/multirotor/share/multirotor/package.ps1'
[2.930s] INFO:colcon.colcon_core.shell:Creating package descriptor '/home/spacey/space_y/ws_KRAC/install/multirotor/share/multirotor/package.dsv'
[2.932s] INFO:colcon.colcon_core.shell:Creating package script '/home/spacey/space_y/ws_KRAC/install/multirotor/share/multirotor/package.sh'
[2.936s] INFO:colcon.colcon_core.shell:Creating package script '/home/spacey/space_y/ws_KRAC/install/multirotor/share/multirotor/package.bash'
[2.938s] INFO:colcon.colcon_core.shell:Creating package script '/home/spacey/space_y/ws_KRAC/install/multirotor/share/multirotor/package.zsh'
[2.941s] Level 1:colcon.colcon_core.environment:create_file_with_runtime_dependencies(/home/spacey/space_y/ws_KRAC/install/multirotor/share/colcon-core/packages/multirotor)
[2.943s] Level 1:colcon.colcon_core.environment:create_environment_scripts_only(multirotor)
[2.944s] Level 1:colcon.colcon_core.environment:checking '/home/spacey/space_y/ws_KRAC/install/multirotor' for CMake module files
[2.945s] Level 1:colcon.colcon_core.environment:checking '/home/spacey/space_y/ws_KRAC/install/multirotor' for CMake config files
[2.946s] Level 1:colcon.colcon_core.shell:create_environment_hook('multirotor', 'cmake_prefix_path')
[2.947s] INFO:colcon.colcon_core.shell:Creating environment hook '/home/spacey/space_y/ws_KRAC/install/multirotor/share/multirotor/hook/cmake_prefix_path.ps1'
[2.948s] INFO:colcon.colcon_core.shell:Creating environment descriptor '/home/spacey/space_y/ws_KRAC/install/multirotor/share/multirotor/hook/cmake_prefix_path.dsv'
[2.949s] INFO:colcon.colcon_core.shell:Creating environment hook '/home/spacey/space_y/ws_KRAC/install/multirotor/share/multirotor/hook/cmake_prefix_path.sh'
[2.950s] Level 1:colcon.colcon_core.environment:checking '/home/spacey/space_y/ws_KRAC/install/multirotor/lib'
[2.950s] Level 1:colcon.colcon_core.environment:checking '/home/spacey/space_y/ws_KRAC/install/multirotor/bin'
[2.950s] Level 1:colcon.colcon_core.environment:checking '/home/spacey/space_y/ws_KRAC/install/multirotor/lib/pkgconfig/multirotor.pc'
[2.951s] Level 1:colcon.colcon_core.environment:checking '/home/spacey/space_y/ws_KRAC/install/multirotor/lib/python3.10/site-packages'
[2.951s] Level 1:colcon.colcon_core.environment:checking '/home/spacey/space_y/ws_KRAC/install/multirotor/bin'
[2.952s] INFO:colcon.colcon_core.shell:Creating package script '/home/spacey/space_y/ws_KRAC/install/multirotor/share/multirotor/package.ps1'
[2.954s] INFO:colcon.colcon_core.shell:Creating package descriptor '/home/spacey/space_y/ws_KRAC/install/multirotor/share/multirotor/package.dsv'
[2.955s] INFO:colcon.colcon_core.shell:Creating package script '/home/spacey/space_y/ws_KRAC/install/multirotor/share/multirotor/package.sh'
[2.957s] INFO:colcon.colcon_core.shell:Creating package script '/home/spacey/space_y/ws_KRAC/install/multirotor/share/multirotor/package.bash'
[2.958s] INFO:colcon.colcon_core.shell:Creating package script '/home/spacey/space_y/ws_KRAC/install/multirotor/share/multirotor/package.zsh'
[2.959s] Level 1:colcon.colcon_core.environment:create_file_with_runtime_dependencies(/home/spacey/space_y/ws_KRAC/install/multirotor/share/colcon-core/packages/multirotor)
[2.962s] Level 1:colcon.colcon_core.environment:checking '/home/spacey/space_y/ws_KRAC/install/imagery_processing' for CMake module files
[2.963s] DEBUG:colcon.colcon_core.event_handler.log_command:Invoked command in '/home/spacey/space_y/ws_KRAC/src/imagery_processing' returned '0': PYTHONPATH=/home/spacey/space_y/ws_KRAC/build/imagery_processing/prefix_override:/usr/lib/python3/dist-packages/colcon_core/task/python/colcon_distutils_commands:/home/spacey/space_y/ws_KRAC/install/imagery_processing/lib/python3.10/site-packages:${PYTHONPATH} /usr/bin/python3 -W ignore:setup.py install is deprecated -W ignore:easy_install command is deprecated setup.py egg_info --egg-base ../../build/imagery_processing build --build-base /home/spacey/space_y/ws_KRAC/build/imagery_processing/build install --record /home/spacey/space_y/ws_KRAC/build/imagery_processing/install.log --single-version-externally-managed install_data
[2.964s] Level 1:colcon.colcon_core.environment:checking '/home/spacey/space_y/ws_KRAC/install/imagery_processing' for CMake config files
[2.966s] Level 1:colcon.colcon_core.environment:checking '/home/spacey/space_y/ws_KRAC/install/imagery_processing/lib'
[2.966s] Level 1:colcon.colcon_core.environment:checking '/home/spacey/space_y/ws_KRAC/install/imagery_processing/bin'
[2.966s] Level 1:colcon.colcon_core.environment:checking '/home/spacey/space_y/ws_KRAC/install/imagery_processing/lib/pkgconfig/imagery_processing.pc'
[2.967s] Level 1:colcon.colcon_core.environment:checking '/home/spacey/space_y/ws_KRAC/install/imagery_processing/lib/python3.10/site-packages'
[2.967s] Level 1:colcon.colcon_core.shell:create_environment_hook('imagery_processing', 'pythonpath')
[2.968s] INFO:colcon.colcon_core.shell:Creating environment hook '/home/spacey/space_y/ws_KRAC/install/imagery_processing/share/imagery_processing/hook/pythonpath.ps1'
[2.969s] INFO:colcon.colcon_core.shell:Creating environment descriptor '/home/spacey/space_y/ws_KRAC/install/imagery_processing/share/imagery_processing/hook/pythonpath.dsv'
[2.970s] INFO:colcon.colcon_core.shell:Creating environment hook '/home/spacey/space_y/ws_KRAC/install/imagery_processing/share/imagery_processing/hook/pythonpath.sh'
[2.972s] Level 1:colcon.colcon_core.environment:checking '/home/spacey/space_y/ws_KRAC/install/imagery_processing/bin'
[2.972s] Level 1:colcon.colcon_core.environment:create_environment_scripts_only(imagery_processing)
[2.973s] INFO:colcon.colcon_core.shell:Creating package script '/home/spacey/space_y/ws_KRAC/install/imagery_processing/share/imagery_processing/package.ps1'
[2.974s] INFO:colcon.colcon_core.shell:Creating package descriptor '/home/spacey/space_y/ws_KRAC/install/imagery_processing/share/imagery_processing/package.dsv'
[2.975s] INFO:colcon.colcon_core.shell:Creating package script '/home/spacey/space_y/ws_KRAC/install/imagery_processing/share/imagery_processing/package.sh'
[2.976s] INFO:colcon.colcon_core.shell:Creating package script '/home/spacey/space_y/ws_KRAC/install/imagery_processing/share/imagery_processing/package.bash'
[2.977s] INFO:colcon.colcon_core.shell:Creating package script '/home/spacey/space_y/ws_KRAC/install/imagery_processing/share/imagery_processing/package.zsh'
[2.978s] Level 1:colcon.colcon_core.environment:create_file_with_runtime_dependencies(/home/spacey/space_y/ws_KRAC/install/imagery_processing/share/colcon-core/packages/imagery_processing)
[2.979s] INFO:colcon.colcon_ros.task.ament_python.build:Building ROS package in '/home/spacey/space_y/ws_KRAC/src/launch_package' with build type 'ament_python'
[2.980s] Level 1:colcon.colcon_core.shell:create_environment_hook('launch_package', 'ament_prefix_path')
[2.980s] INFO:colcon.colcon_core.shell:Creating environment hook '/home/spacey/space_y/ws_KRAC/install/launch_package/share/launch_package/hook/ament_prefix_path.ps1'
[2.982s] INFO:colcon.colcon_core.shell:Creating environment descriptor '/home/spacey/space_y/ws_KRAC/install/launch_package/share/launch_package/hook/ament_prefix_path.dsv'
[2.984s] INFO:colcon.colcon_core.shell:Creating environment hook '/home/spacey/space_y/ws_KRAC/install/launch_package/share/launch_package/hook/ament_prefix_path.sh'
[2.985s] INFO:colcon.colcon_core.shell:Skip shell extension 'powershell' for command environment: Not usable outside of PowerShell
[2.985s] DEBUG:colcon.colcon_core.shell:Skip shell extension 'dsv' for command environment
[3.574s] INFO:colcon.colcon_core.task.python.build:Building Python package in '/home/spacey/space_y/ws_KRAC/src/launch_package'
[3.576s] INFO:colcon.colcon_core.shell:Skip shell extension 'powershell' for command environment: Not usable outside of PowerShell
[3.576s] DEBUG:colcon.colcon_core.shell:Skip shell extension 'dsv' for command environment
[4.284s] DEBUG:colcon.colcon_core.event_handler.log_command:Invoking command in '/home/spacey/space_y/ws_KRAC/src/launch_package': AMENT_PREFIX_PATH=/home/spacey/space_y/ws_KRAC/install/imagery_processing:${AMENT_PREFIX_PATH} PYTHONPATH=/home/spacey/space_y/ws_KRAC/build/launch_package/prefix_override:/usr/lib/python3/dist-packages/colcon_core/task/python/colcon_distutils_commands:/home/spacey/space_y/ws_KRAC/install/launch_package/lib/python3.10/site-packages:/home/spacey/space_y/ws_KRAC/install/imagery_processing/lib/python3.10/site-packages:${PYTHONPATH} /usr/bin/python3 -W ignore:setup.py install is deprecated -W ignore:easy_install command is deprecated setup.py egg_info --egg-base ../../build/launch_package build --build-base /home/spacey/space_y/ws_KRAC/build/launch_package/build install --record /home/spacey/space_y/ws_KRAC/build/launch_package/install.log --single-version-externally-managed install_data
[4.910s] Level 1:colcon.colcon_core.environment:checking '/home/spacey/space_y/ws_KRAC/install/launch_package' for CMake module files
[4.913s] DEBUG:colcon.colcon_core.event_handler.log_command:Invoked command in '/home/spacey/space_y/ws_KRAC/src/launch_package' returned '0': AMENT_PREFIX_PATH=/home/spacey/space_y/ws_KRAC/install/imagery_processing:${AMENT_PREFIX_PATH} PYTHONPATH=/home/spacey/space_y/ws_KRAC/build/launch_package/prefix_override:/usr/lib/python3/dist-packages/colcon_core/task/python/colcon_distutils_commands:/home/spacey/space_y/ws_KRAC/install/launch_package/lib/python3.10/site-packages:/home/spacey/space_y/ws_KRAC/install/imagery_processing/lib/python3.10/site-packages:${PYTHONPATH} /usr/bin/python3 -W ignore:setup.py install is deprecated -W ignore:easy_install command is deprecated setup.py egg_info --egg-base ../../build/launch_package build --build-base /home/spacey/space_y/ws_KRAC/build/launch_package/build install --record /home/spacey/space_y/ws_KRAC/build/launch_package/install.log --single-version-externally-managed install_data
[4.914s] Level 1:colcon.colcon_core.environment:checking '/home/spacey/space_y/ws_KRAC/install/launch_package' for CMake config files
[4.916s] Level 1:colcon.colcon_core.environment:checking '/home/spacey/space_y/ws_KRAC/install/launch_package/lib'
[4.916s] Level 1:colcon.colcon_core.environment:checking '/home/spacey/space_y/ws_KRAC/install/launch_package/bin'
[4.917s] Level 1:colcon.colcon_core.environment:checking '/home/spacey/space_y/ws_KRAC/install/launch_package/lib/pkgconfig/launch_package.pc'
[4.918s] Level 1:colcon.colcon_core.environment:checking '/home/spacey/space_y/ws_KRAC/install/launch_package/lib/python3.10/site-packages'
[4.918s] Level 1:colcon.colcon_core.shell:create_environment_hook('launch_package', 'pythonpath')
[4.919s] INFO:colcon.colcon_core.shell:Creating environment hook '/home/spacey/space_y/ws_KRAC/install/launch_package/share/launch_package/hook/pythonpath.ps1'
[4.921s] INFO:colcon.colcon_core.shell:Creating environment descriptor '/home/spacey/space_y/ws_KRAC/install/launch_package/share/launch_package/hook/pythonpath.dsv'
[4.922s] INFO:colcon.colcon_core.shell:Creating environment hook '/home/spacey/space_y/ws_KRAC/install/launch_package/share/launch_package/hook/pythonpath.sh'
[4.923s] Level 1:colcon.colcon_core.environment:checking '/home/spacey/space_y/ws_KRAC/install/launch_package/bin'
[4.924s] Level 1:colcon.colcon_core.environment:create_environment_scripts_only(launch_package)
[4.925s] INFO:colcon.colcon_core.shell:Creating package script '/home/spacey/space_y/ws_KRAC/install/launch_package/share/launch_package/package.ps1'
[4.927s] INFO:colcon.colcon_core.shell:Creating package descriptor '/home/spacey/space_y/ws_KRAC/install/launch_package/share/launch_package/package.dsv'
[4.928s] INFO:colcon.colcon_core.shell:Creating package script '/home/spacey/space_y/ws_KRAC/install/launch_package/share/launch_package/package.sh'
[4.929s] INFO:colcon.colcon_core.shell:Creating package script '/home/spacey/space_y/ws_KRAC/install/launch_package/share/launch_package/package.bash'
[4.930s] INFO:colcon.colcon_core.shell:Creating package script '/home/spacey/space_y/ws_KRAC/install/launch_package/share/launch_package/package.zsh'
[4.931s] Level 1:colcon.colcon_core.environment:create_file_with_runtime_dependencies(/home/spacey/space_y/ws_KRAC/install/launch_package/share/colcon-core/packages/launch_package)
[4.932s] DEBUG:colcon.colcon_parallel_executor.executor.parallel:closing loop
[4.933s] DEBUG:colcon.colcon_parallel_executor.executor.parallel:loop closed
[4.933s] DEBUG:colcon.colcon_parallel_executor.executor.parallel:run_until_complete finished with '0'
[4.934s] DEBUG:colcon.colcon_core.event_reactor:joining thread
[4.952s] INFO:colcon.colcon_core.plugin_system:Skipping extension 'colcon_notification.desktop_notification.terminal_notifier': Not used on non-Darwin systems
[4.952s] INFO:colcon.colcon_core.plugin_system:Skipping extension 'colcon_notification.desktop_notification.win32': Not used on non-Windows systems
[4.952s] INFO:colcon.colcon_notification.desktop_notification:Sending desktop notification using 'notify2'
[4.992s] DEBUG:colcon.colcon_core.event_reactor:joined thread
[4.993s] INFO:colcon.colcon_core.shell:Creating prefix script '/home/spacey/space_y/ws_KRAC/install/local_setup.ps1'
[4.997s] INFO:colcon.colcon_core.shell:Creating prefix util module '/home/spacey/space_y/ws_KRAC/install/_local_setup_util_ps1.py'
[5.003s] INFO:colcon.colcon_core.shell:Creating prefix chain script '/home/spacey/space_y/ws_KRAC/install/setup.ps1'
[5.008s] INFO:colcon.colcon_core.shell:Creating prefix script '/home/spacey/space_y/ws_KRAC/install/local_setup.sh'
[5.010s] INFO:colcon.colcon_core.shell:Creating prefix util module '/home/spacey/space_y/ws_KRAC/install/_local_setup_util_sh.py'
[5.012s] INFO:colcon.colcon_core.shell:Creating prefix chain script '/home/spacey/space_y/ws_KRAC/install/setup.sh'
[5.016s] INFO:colcon.colcon_core.shell:Creating prefix script '/home/spacey/space_y/ws_KRAC/install/local_setup.bash'
[5.018s] INFO:colcon.colcon_core.shell:Creating prefix chain script '/home/spacey/space_y/ws_KRAC/install/setup.bash'
[5.022s] INFO:colcon.colcon_core.shell:Creating prefix script '/home/spacey/space_y/ws_KRAC/install/local_setup.zsh'
[5.024s] INFO:colcon.colcon_core.shell:Creating prefix chain script '/home/spacey/space_y/ws_KRAC/install/setup.zsh'
