[1.301s] Invoking command in '/home/spacey/space_y/ws_KRAC/src/launch_package': AMENT_PREFIX_PATH=/home/spacey/space_y/ws_KRAC/install/imagery_processing:${AMENT_PREFIX_PATH} PYTHONPATH=/home/spacey/space_y/ws_KRAC/build/launch_package/prefix_override:/usr/lib/python3/dist-packages/colcon_core/task/python/colcon_distutils_commands:/home/spacey/space_y/ws_KRAC/install/launch_package/lib/python3.10/site-packages:/home/spacey/space_y/ws_KRAC/install/imagery_processing/lib/python3.10/site-packages:${PYTHONPATH} /usr/bin/python3 -W ignore:setup.py install is deprecated -W ignore:easy_install command is deprecated setup.py egg_info --egg-base ../../build/launch_package build --build-base /home/spacey/space_y/ws_KRAC/build/launch_package/build install --record /home/spacey/space_y/ws_KRAC/build/launch_package/install.log --single-version-externally-managed install_data
[1.794s] running egg_info
[1.795s] writing ../../build/launch_package/launch_package.egg-info/PKG-INFO
[1.795s] writing dependency_links to ../../build/launch_package/launch_package.egg-info/dependency_links.txt
[1.796s] writing entry points to ../../build/launch_package/launch_package.egg-info/entry_points.txt
[1.796s] writing requirements to ../../build/launch_package/launch_package.egg-info/requires.txt
[1.796s] writing top-level names to ../../build/launch_package/launch_package.egg-info/top_level.txt
[1.800s] reading manifest file '../../build/launch_package/launch_package.egg-info/SOURCES.txt'
[1.802s] writing manifest file '../../build/launch_package/launch_package.egg-info/SOURCES.txt'
[1.803s] running build
[1.803s] running build_py
[1.803s] running install
[1.804s] running install_lib
[1.806s] running install_data
[1.806s] copying package.xml -> /home/spacey/space_y/ws_KRAC/install/launch_package/share/launch_package
[1.807s] running install_egg_info
[1.810s] removing '/home/spacey/space_y/ws_KRAC/install/launch_package/lib/python3.10/site-packages/launch_package-0.0.0-py3.10.egg-info' (and everything under it)
[1.811s] Copying ../../build/launch_package/launch_package.egg-info to /home/spacey/space_y/ws_KRAC/install/launch_package/lib/python3.10/site-packages/launch_package-0.0.0-py3.10.egg-info
[1.813s] running install_scripts
[1.858s] writing list of installed files to '/home/spacey/space_y/ws_KRAC/build/launch_package/install.log'
[1.930s] Invoked command in '/home/spacey/space_y/ws_KRAC/src/launch_package' returned '0': AMENT_PREFIX_PATH=/home/spacey/space_y/ws_KRAC/install/imagery_processing:${AMENT_PREFIX_PATH} PYTHONPATH=/home/spacey/space_y/ws_KRAC/build/launch_package/prefix_override:/usr/lib/python3/dist-packages/colcon_core/task/python/colcon_distutils_commands:/home/spacey/space_y/ws_KRAC/install/launch_package/lib/python3.10/site-packages:/home/spacey/space_y/ws_KRAC/install/imagery_processing/lib/python3.10/site-packages:${PYTHONPATH} /usr/bin/python3 -W ignore:setup.py install is deprecated -W ignore:easy_install command is deprecated setup.py egg_info --egg-base ../../build/launch_package build --build-base /home/spacey/space_y/ws_KRAC/build/launch_package/build install --record /home/spacey/space_y/ws_KRAC/build/launch_package/install.log --single-version-externally-managed install_data
